Archive member included to satisfy reference by file (symbol)

c:/st/stm32cubeide_1.3.0/stm32cubeide/plugins/com.st.stm32cube.ide.mcu.externaltools.gnu-tools-for-stm32.7-2018-q2-update.win32_1.5.0.202011040924/tools/bin/../lib/gcc/arm-none-eabi/7.3.1/../../../../arm-none-eabi/lib/thumb/v6-m\libc_nano.a(lib_a-errno.o)
                              Core/Src/syscalls.o (__errno)
c:/st/stm32cubeide_1.3.0/stm32cubeide/plugins/com.st.stm32cube.ide.mcu.externaltools.gnu-tools-for-stm32.7-2018-q2-update.win32_1.5.0.202011040924/tools/bin/../lib/gcc/arm-none-eabi/7.3.1/../../../../arm-none-eabi/lib/thumb/v6-m\libc_nano.a(lib_a-exit.o)
                              c:/st/stm32cubeide_1.3.0/stm32cubeide/plugins/com.st.stm32cube.ide.mcu.externaltools.gnu-tools-for-stm32.7-2018-q2-update.win32_1.5.0.202011040924/tools/bin/../lib/gcc/arm-none-eabi/7.3.1/../../../../arm-none-eabi/lib/thumb/v6-m/crt0.o (exit)
c:/st/stm32cubeide_1.3.0/stm32cubeide/plugins/com.st.stm32cube.ide.mcu.externaltools.gnu-tools-for-stm32.7-2018-q2-update.win32_1.5.0.202011040924/tools/bin/../lib/gcc/arm-none-eabi/7.3.1/../../../../arm-none-eabi/lib/thumb/v6-m\libc_nano.a(lib_a-impure.o)
                              c:/st/stm32cubeide_1.3.0/stm32cubeide/plugins/com.st.stm32cube.ide.mcu.externaltools.gnu-tools-for-stm32.7-2018-q2-update.win32_1.5.0.202011040924/tools/bin/../lib/gcc/arm-none-eabi/7.3.1/../../../../arm-none-eabi/lib/thumb/v6-m\libc_nano.a(lib_a-exit.o) (_global_impure_ptr)
c:/st/stm32cubeide_1.3.0/stm32cubeide/plugins/com.st.stm32cube.ide.mcu.externaltools.gnu-tools-for-stm32.7-2018-q2-update.win32_1.5.0.202011040924/tools/bin/../lib/gcc/arm-none-eabi/7.3.1/../../../../arm-none-eabi/lib/thumb/v6-m\libc_nano.a(lib_a-init.o)
                              c:/st/stm32cubeide_1.3.0/stm32cubeide/plugins/com.st.stm32cube.ide.mcu.externaltools.gnu-tools-for-stm32.7-2018-q2-update.win32_1.5.0.202011040924/tools/bin/../lib/gcc/arm-none-eabi/7.3.1/../../../../arm-none-eabi/lib/thumb/v6-m/crt0.o (__libc_init_array)
c:/st/stm32cubeide_1.3.0/stm32cubeide/plugins/com.st.stm32cube.ide.mcu.externaltools.gnu-tools-for-stm32.7-2018-q2-update.win32_1.5.0.202011040924/tools/bin/../lib/gcc/arm-none-eabi/7.3.1/../../../../arm-none-eabi/lib/thumb/v6-m\libc_nano.a(lib_a-memcmp.o)
                              Core/Src/bus_comm.o (memcmp)
c:/st/stm32cubeide_1.3.0/stm32cubeide/plugins/com.st.stm32cube.ide.mcu.externaltools.gnu-tools-for-stm32.7-2018-q2-update.win32_1.5.0.202011040924/tools/bin/../lib/gcc/arm-none-eabi/7.3.1/../../../../arm-none-eabi/lib/thumb/v6-m\libc_nano.a(lib_a-memcpy-stub.o)
                              Core/Src/aes.o (memcpy)
c:/st/stm32cubeide_1.3.0/stm32cubeide/plugins/com.st.stm32cube.ide.mcu.externaltools.gnu-tools-for-stm32.7-2018-q2-update.win32_1.5.0.202011040924/tools/bin/../lib/gcc/arm-none-eabi/7.3.1/../../../../arm-none-eabi/lib/thumb/v6-m\libc_nano.a(lib_a-memset.o)
                              c:/st/stm32cubeide_1.3.0/stm32cubeide/plugins/com.st.stm32cube.ide.mcu.externaltools.gnu-tools-for-stm32.7-2018-q2-update.win32_1.5.0.202011040924/tools/bin/../lib/gcc/arm-none-eabi/7.3.1/../../../../arm-none-eabi/lib/thumb/v6-m/crt0.o (memset)
c:/st/stm32cubeide_1.3.0/stm32cubeide/plugins/com.st.stm32cube.ide.mcu.externaltools.gnu-tools-for-stm32.7-2018-q2-update.win32_1.5.0.202011040924/tools/bin/../lib/gcc/arm-none-eabi/7.3.1/../../../../arm-none-eabi/lib/thumb/v6-m\libc_nano.a(lib_a-printf.o)
                              Core/Src/bus_comm.o (printf)
c:/st/stm32cubeide_1.3.0/stm32cubeide/plugins/com.st.stm32cube.ide.mcu.externaltools.gnu-tools-for-stm32.7-2018-q2-update.win32_1.5.0.202011040924/tools/bin/../lib/gcc/arm-none-eabi/7.3.1/../../../../arm-none-eabi/lib/thumb/v6-m\libc_nano.a(lib_a-puts.o)
                              Core/Src/bus_comm.o (puts)
c:/st/stm32cubeide_1.3.0/stm32cubeide/plugins/com.st.stm32cube.ide.mcu.externaltools.gnu-tools-for-stm32.7-2018-q2-update.win32_1.5.0.202011040924/tools/bin/../lib/gcc/arm-none-eabi/7.3.1/../../../../arm-none-eabi/lib/thumb/v6-m\libc_nano.a(lib_a-wbuf.o)
                              c:/st/stm32cubeide_1.3.0/stm32cubeide/plugins/com.st.stm32cube.ide.mcu.externaltools.gnu-tools-for-stm32.7-2018-q2-update.win32_1.5.0.202011040924/tools/bin/../lib/gcc/arm-none-eabi/7.3.1/../../../../arm-none-eabi/lib/thumb/v6-m\libc_nano.a(lib_a-puts.o) (__swbuf_r)
c:/st/stm32cubeide_1.3.0/stm32cubeide/plugins/com.st.stm32cube.ide.mcu.externaltools.gnu-tools-for-stm32.7-2018-q2-update.win32_1.5.0.202011040924/tools/bin/../lib/gcc/arm-none-eabi/7.3.1/../../../../arm-none-eabi/lib/thumb/v6-m\libc_nano.a(lib_a-wsetup.o)
                              c:/st/stm32cubeide_1.3.0/stm32cubeide/plugins/com.st.stm32cube.ide.mcu.externaltools.gnu-tools-for-stm32.7-2018-q2-update.win32_1.5.0.202011040924/tools/bin/../lib/gcc/arm-none-eabi/7.3.1/../../../../arm-none-eabi/lib/thumb/v6-m\libc_nano.a(lib_a-puts.o) (__swsetup_r)
[...]
Memory Configuration

Name             Origin             Length             Attributes
RAM              0x0000000020000000 0x0000000000005000 xrw
FLASH            0x0000000008000000 0x0000000000005000 xr
*default*        0x0000000000000000 0xffffffffffffffff

Linker script and memory map

LOAD c:/st/stm32cubeide_1.3.0/stm32cubeide/plugins/com.st.stm32cube.ide.mcu.externaltools.gnu-tools-for-stm32.7-2018-q2-update.win32_1.5.0.202011040924/tools/bin/../lib/gcc/arm-none-eabi/7.3.1/thumb/v6-m/crti.o
LOAD c:/st/stm32cubeide_1.3.0/stm32cubeide/plugins/com.st.stm32cube.ide.mcu.externaltools.gnu-tools-for-stm32.7-2018-q2-update.win32_1.5.0.202011040924/tools/bin/../lib/gcc/arm-none-eabi/7.3.1/thumb/v6-m/crtbegin.o
LOAD c:/st/stm32cubeide_1.3.0/stm32cubeide/plugins/com.st.stm32cube.ide.mcu.externaltools.gnu-tools-for-stm32.7-2018-q2-update.win32_1.5.0.202011040924/tools/bin/../lib/gcc/arm-none-eabi/7.3.1/../../../../arm-none-eabi/lib/thumb/v6-m/crt0.o
LOAD Core/Src/aes.o
LOAD Core/Src/aes_key.o
LOAD Core/Src/bus_comm.o
LOAD Core/Src/debug.o
LOAD Core/Src/flash_if.o
LOAD Core/Src/iap.o
LOAD Core/Src/main.o
LOAD Core/Src/sha1.o
LOAD Core/Src/stm32l0xx_hal_msp.o
LOAD Core/Src/stm32l0xx_it.o
LOAD Core/Src/syscalls.o
LOAD Core/Src/sysmem.o
LOAD Core/Src/system_stm32l0xx.o
LOAD Core/Startup/startup_stm32l073rztx.o
LOAD Drivers/STM32L0xx_HAL_Driver/Src/stm32l0xx_hal.o
LOAD Drivers/STM32L0xx_HAL_Driver/Src/stm32l0xx_hal_cortex.o
LOAD Drivers/STM32L0xx_HAL_Driver/Src/stm32l0xx_hal_dma.o
LOAD Drivers/STM32L0xx_HAL_Driver/Src/stm32l0xx_hal_exti.o
LOAD Drivers/STM32L0xx_HAL_Driver/Src/stm32l0xx_hal_flash.o
LOAD Drivers/STM32L0xx_HAL_Driver/Src/stm32l0xx_hal_flash_ex.o
LOAD Drivers/STM32L0xx_HAL_Driver/Src/stm32l0xx_hal_flash_ramfunc.o
LOAD Drivers/STM32L0xx_HAL_Driver/Src/stm32l0xx_hal_gpio.o
LOAD Drivers/STM32L0xx_HAL_Driver/Src/stm32l0xx_hal_i2c.o
LOAD Drivers/STM32L0xx_HAL_Driver/Src/stm32l0xx_hal_i2c_ex.o
LOAD Drivers/STM32L0xx_HAL_Driver/Src/stm32l0xx_hal_pwr.o
LOAD Drivers/STM32L0xx_HAL_Driver/Src/stm32l0xx_hal_pwr_ex.o
LOAD Drivers/STM32L0xx_HAL_Driver/Src/stm32l0xx_hal_rcc.o
LOAD Drivers/STM32L0xx_HAL_Driver/Src/stm32l0xx_hal_rcc_ex.o
LOAD Drivers/STM32L0xx_HAL_Driver/Src/stm32l0xx_hal_spi.o
LOAD Drivers/STM32L0xx_HAL_Driver/Src/stm32l0xx_hal_tim.o
LOAD Drivers/STM32L0xx_HAL_Driver/Src/stm32l0xx_hal_tim_ex.o
LOAD Drivers/STM32L0xx_HAL_Driver/Src/stm32l0xx_hal_uart.o
LOAD Drivers/STM32L0xx_HAL_Driver/Src/stm32l0xx_hal_uart_ex.o
START GROUP
LOAD c:/st/stm32cubeide_1.3.0/stm32cubeide/plugins/com.st.stm32cube.ide.mcu.externaltools.gnu-tools-for-stm32.7-2018-q2-update.win32_1.5.0.202011040924/tools/bin/../lib/gcc/arm-none-eabi/7.3.1/../../../../arm-none-eabi/lib/thumb/v6-m\libc_nano.a
LOAD c:/st/stm32cubeide_1.3.0/stm32cubeide/plugins/com.st.stm32cube.ide.mcu.externaltools.gnu-tools-for-stm32.7-2018-q2-update.win32_1.5.0.202011040924/tools/bin/../lib/gcc/arm-none-eabi/7.3.1/../../../../arm-none-eabi/lib/thumb/v6-m\libm.a
END GROUP
START GROUP
LOAD c:/st/stm32cubeide_1.3.0/stm32cubeide/plugins/com.st.stm32cube.ide.mcu.externaltools.gnu-tools-for-stm32.7-2018-q2-update.win32_1.5.0.202011040924/tools/bin/../lib/gcc/arm-none-eabi/7.3.1/thumb/v6-m\libgcc.a
LOAD c:/st/stm32cubeide_1.3.0/stm32cubeide/plugins/com.st.stm32cube.ide.mcu.externaltools.gnu-tools-for-stm32.7-2018-q2-update.win32_1.5.0.202011040924/tools/bin/../lib/gcc/arm-none-eabi/7.3.1/../../../../arm-none-eabi/lib/thumb/v6-m\libc_nano.a
END GROUP
START GROUP
LOAD c:/st/stm32cubeide_1.3.0/stm32cubeide/plugins/com.st.stm32cube.ide.mcu.externaltools.gnu-tools-for-stm32.7-2018-q2-update.win32_1.5.0.202011040924/tools/bin/../lib/gcc/arm-none-eabi/7.3.1/thumb/v6-m\libgcc.a
LOAD c:/st/stm32cubeide_1.3.0/stm32cubeide/plugins/com.st.stm32cube.ide.mcu.externaltools.gnu-tools-for-stm32.7-2018-q2-update.win32_1.5.0.202011040924/tools/bin/../lib/gcc/arm-none-eabi/7.3.1/../../../../arm-none-eabi/lib/thumb/v6-m\libc_nano.a
LOAD c:/st/stm32cubeide_1.3.0/stm32cubeide/plugins/com.st.stm32cube.ide.mcu.externaltools.gnu-tools-for-stm32.7-2018-q2-update.win32_1.5.0.202011040924/tools/bin/../lib/gcc/arm-none-eabi/7.3.1/../../../../arm-none-eabi/lib/thumb/v6-m\libnosys.a
END GROUP
START GROUP
LOAD c:/st/stm32cubeide_1.3.0/stm32cubeide/plugins/com.st.stm32cube.ide.mcu.externaltools.gnu-tools-for-stm32.7-2018-q2-update.win32_1.5.0.202011040924/tools/bin/../lib/gcc/arm-none-eabi/7.3.1/thumb/v6-m\libgcc.a
LOAD c:/st/stm32cubeide_1.3.0/stm32cubeide/plugins/com.st.stm32cube.ide.mcu.externaltools.gnu-tools-for-stm32.7-2018-q2-update.win32_1.5.0.202011040924/tools/bin/../lib/gcc/arm-none-eabi/7.3.1/../../../../arm-none-eabi/lib/thumb/v6-m\libc_nano.a
LOAD c:/st/stm32cubeide_1.3.0/stm32cubeide/plugins/com.st.stm32cube.ide.mcu.externaltools.gnu-tools-for-stm32.7-2018-q2-update.win32_1.5.0.202011040924/tools/bin/../lib/gcc/arm-none-eabi/7.3.1/../../../../arm-none-eabi/lib/thumb/v6-m\libnosys.a
END GROUP
LOAD c:/st/stm32cubeide_1.3.0/stm32cubeide/plugins/com.st.stm32cube.ide.mcu.externaltools.gnu-tools-for-stm32.7-2018-q2-update.win32_1.5.0.202011040924/tools/bin/../lib/gcc/arm-none-eabi/7.3.1/thumb/v6-m/crtend.o
LOAD c:/st/stm32cubeide_1.3.0/stm32cubeide/plugins/com.st.stm32cube.ide.mcu.externaltools.gnu-tools-for-stm32.7-2018-q2-update.win32_1.5.0.202011040924/tools/bin/../lib/gcc/arm-none-eabi/7.3.1/thumb/v6-m/crtn.o
                0x0000000020005000                _estack = (ORIGIN (RAM) + LENGTH (RAM))
                0x0000000000000200                _Min_Heap_Size = 0x200
                0x0000000000000400                _Min_Stack_Size = 0x400

.isr_vector     0x0000000008000000       0xc0
                0x0000000008000000                . = ALIGN (0x4)
 *(.isr_vector)
 .isr_vector    0x0000000008000000       0xc0 Core/Startup/startup_stm32l073rztx.o
                0x0000000008000000                g_pfnVectors
                0x00000000080000c0                . = ALIGN (0x4)

.app_info       0x00000000080000c0        0x8
                0x00000000080000c0                . = ALIGN (0x4)
 *(.app_info)
 .app_info      0x00000000080000c0        0x8 Core/Src/main.o
                0x00000000080000c0                appinfo
                0x00000000080000c8                . = ALIGN (0x4)

.text           0x00000000080000c8     0x7970
                0x00000000080000c8                . = ALIGN (0x4)
 *(.text)
 .text          0x00000000080000c8       0x48 c:/st/stm32cubeide_1.3.0/stm32cubeide/plugins/com.st.stm32cube.ide.mcu.externaltools.gnu-tools-for-stm32.7-2018-q2-update.win32_1.5.0.202011040924/tools/bin/../lib/gcc/arm-none-eabi/7.3.1/thumb/v6-m/crtbegin.o
 .text          0x0000000008000110      0x114 c:/st/stm32cubeide_1.3.0/stm32cubeide/plugins/com.st.stm32cube.ide.mcu.externaltools.gnu-tools-for-stm32.7-2018-q2-update.win32_1.5.0.202011040924/tools/bin/../lib/gcc/arm-none-eabi/7.3.1/thumb/v6-m\libgcc.a(_udivsi3.o)
                0x0000000008000110                __aeabi_uidiv
                0x0000000008000110                __udivsi3
                0x000000000800021c                __aeabi_uidivmod
 .text          0x0000000008000224        0x4 c:/st/stm32cubeide_1.3.0/stm32cubeide/plugins/com.st.stm32cube.ide.mcu.externaltools.gnu-tools-for-stm32.7-2018-q2-update.win32_1.5.0.202011040924/tools/bin/../lib/gcc/arm-none-eabi/7.3.1/thumb/v6-m\libgcc.a(_dvmd_tls.o)
                0x0000000008000224                __aeabi_idiv0
                0x0000000008000224                __aeabi_ldiv0
 .text          0x0000000008000228       0x40 c:/st/stm32cubeide_1.3.0/stm32cubeide/plugins/com.st.stm32cube.ide.mcu.externaltools.gnu-tools-for-stm32.7-2018-q2-update.win32_1.5.0.202011040924/tools/bin/../lib/gcc/arm-none-eabi/7.3.1/thumb/v6-m\libgcc.a(_aeabi_uldivmod.o)
                0x0000000008000228                __aeabi_uldivmod
 .text          0x0000000008000268       0x54 c:/st/stm32cubeide_1.3.0/stm32cubeide/plugins/com.st.stm32cube.ide.mcu.externaltools.gnu-tools-for-stm32.7-2018-q2-update.win32_1.5.0.202011040924/tools/bin/../lib/gcc/arm-none-eabi/7.3.1/thumb/v6-m\libgcc.a(_muldi3.o)
                0x0000000008000268                __muldi3
                0x0000000008000268                __aeabi_lmul
 .text          0x00000000080002bc      0x184 c:/st/stm32cubeide_1.3.0/stm32cubeide/plugins/com.st.stm32cube.ide.mcu.externaltools.gnu-tools-for-stm32.7-2018-q2-update.win32_1.5.0.202011040924/tools/bin/../lib/gcc/arm-none-eabi/7.3.1/thumb/v6-m\libgcc.a(_udivmoddi4.o)
                0x00000000080002bc                __udivmoddi4
 .text          0x0000000008000440       0x18 c:/st/stm32cubeide_1.3.0/stm32cubeide/plugins/com.st.stm32cube.ide.mcu.externaltools.gnu-tools-for-stm32.7-2018-q2-update.win32_1.5.0.202011040924/tools/bin/../lib/gcc/arm-none-eabi/7.3.1/thumb/v6-m\libgcc.a(_clzdi2.o)
                0x0000000008000440                __clzdi2
 .text          0x0000000008000458       0x3c c:/st/stm32cubeide_1.3.0/stm32cubeide/plugins/com.st.stm32cube.ide.mcu.externaltools.gnu-tools-for-stm32.7-2018-q2-update.win32_1.5.0.202011040924/tools/bin/../lib/gcc/arm-none-eabi/7.3.1/thumb/v6-m\libgcc.a(_clzsi2.o)
                0x0000000008000458                __clzsi2
 *(.text*)
 .text.getSBoxValue
                0x0000000008000494       0x20 Core/Src/aes.o
 .text.getSBoxInvert
                0x00000000080004b4       0x20 Core/Src/aes.o
 .text.KeyExpansion
                0x00000000080004d4      0x1fc Core/Src/aes.o
 .text.AddRoundKey
                0x00000000080006d0       0xa4 Core/Src/aes.o
 .text.xtime    0x0000000008000774       0x40 Core/Src/aes.o
 .text.InvMixColumns
                0x00000000080007b4      0x764 Core/Src/aes.o
 .text.InvSubBytes
                0x0000000008000f18       0x74 Core/Src/aes.o
 .text.InvShiftRows
                0x0000000008000f8c       0xc4 Core/Src/aes.o
 .text.InvCipher
                0x0000000008001050       0x58 Core/Src/aes.o
 .text.XorWithIv
                0x00000000080010a8       0x58 Core/Src/aes.o
 .text.AES_CBC_decrypt_buffer
                0x0000000008001100       0xb4 Core/Src/aes.o
                0x0000000008001100                AES_CBC_decrypt_buffer
 .text.__NVIC_SystemReset
                0x00000000080011b4       0x20 Core/Src/bus_comm.o
 .text.bus_cmd_both_read_handler
                0x00000000080011d4       0x1e Core/Src/bus_comm.o
                0x00000000080011d4                bus_cmd_both_read_handler
 .text.bus_cmd_tc_read_handler
                0x00000000080011f2       0x1e Core/Src/bus_comm.o
                0x00000000080011f2                bus_cmd_tc_read_handler
 .text.bus_cmd_pa_read_handler
                0x0000000008001210       0x1e Core/Src/bus_comm.o
                0x0000000008001210                bus_cmd_pa_read_handler
 .text.bus_cmd_ping_handler
                0x000000000800122e       0x1e Core/Src/bus_comm.o
                0x000000000800122e                bus_cmd_ping_handler
 .text.bus_cmd_tc_conf_read_handler
                0x000000000800124c       0x1e Core/Src/bus_comm.o
                0x000000000800124c                bus_cmd_tc_conf_read_handler
 .text.bus_cmd_tc_conf_write_handler
                0x000000000800126a       0x1e Core/Src/bus_comm.o
                0x000000000800126a                bus_cmd_tc_conf_write_handler
 .text.bus_cmd_pa_conf_read_handler
                0x0000000008001288       0x1e Core/Src/bus_comm.o
                0x0000000008001288                bus_cmd_pa_conf_read_handler
 .text.bus_cmd_pa_conf_write_handler
                0x00000000080012a6       0x1e Core/Src/bus_comm.o
                0x00000000080012a6                bus_cmd_pa_conf_write_handler
 .text.bus_cmd_read_info_handler
                0x00000000080012c4       0x1e Core/Src/bus_comm.o
                0x00000000080012c4                bus_cmd_read_info_handler
 *fill*         0x00000000080012e2        0x2 
 .text.rt_bus_cmd_enter_bootloader
                0x00000000080012e4       0x28 Core/Src/bus_comm.o
                0x00000000080012e4                rt_bus_cmd_enter_bootloader
 .text.rt_bus_cmd_reset
                0x000000000800130c       0x28 Core/Src/bus_comm.o
                0x000000000800130c                rt_bus_cmd_reset
 .text.rt_bus_cmd_bl_stay
                0x0000000008001334       0x44 Core/Src/bus_comm.o
                0x0000000008001334                rt_bus_cmd_bl_stay
 .text.rt_bus_cmd_bl_read_handler
                0x0000000008001378       0x1e Core/Src/bus_comm.o
                0x0000000008001378                rt_bus_cmd_bl_read_handler
 *fill*         0x0000000008001396        0x2 
 .text.get_mem_type
                0x0000000008001398       0x6c Core/Src/bus_comm.o
                0x0000000008001398                get_mem_type
 .text.rt_bus_cmd_bl_write_handler
                0x0000000008001404      0x1a0 Core/Src/bus_comm.o
                0x0000000008001404                rt_bus_cmd_bl_write_handler
 .text.rt_bus_cmd_bl_erase_handler
                0x00000000080015a4       0xb0 Core/Src/bus_comm.o
                0x00000000080015a4                rt_bus_cmd_bl_erase_handler
 .text.crc_ccitt_byte
                0x0000000008001654       0x40 Core/Src/bus_comm.o
 .text.crc16    0x0000000008001694       0x52 Core/Src/bus_comm.o
                0x0000000008001694                crc16
 *fill*         0x00000000080016e6        0x2 
 .text.bus_frame_pack
                0x00000000080016e8       0x98 Core/Src/bus_comm.o
                0x00000000080016e8                bus_frame_pack
 .text.bus_process
                0x0000000008001780      0x19c Core/Src/bus_comm.o
                0x0000000008001780                bus_process
 .text.bus_comm_process
                0x000000000800191c       0x20 Core/Src/bus_comm.o
                0x000000000800191c                bus_comm_process
 .text.debug_init
                0x000000000800193c       0x28 Core/Src/debug.o
                0x000000000800193c                debug_init
 .text.debug_transmit_buffer
                0x0000000008001964       0x74 Core/Src/debug.o
                0x0000000008001964                debug_transmit_buffer
 .text.__io_putchar
                0x00000000080019d8       0x54 Core/Src/debug.o
                0x00000000080019d8                __io_putchar
 .text.FLASH_If_Init
                0x0000000008001a2c       0x20 Core/Src/flash_if.o
                0x0000000008001a2c                FLASH_If_Init
 .text.FLASH_If_Erase
                0x0000000008001a4c       0x6a Core/Src/flash_if.o
                0x0000000008001a4c                FLASH_If_Erase
 .text.FLASH_If_Write
                0x0000000008001ab6       0x70 Core/Src/flash_if.o
                0x0000000008001ab6                FLASH_If_Write
 *fill*         0x0000000008001b26        0x2 
 .text.iap_PrepareForJump
                0x0000000008001b28       0x50 Core/Src/iap.o
                0x0000000008001b28                iap_PrepareForJump
 .text.iap_JumpToApplication
                0x0000000008001b78       0x34 Core/Src/iap.o
                0x0000000008001b78                iap_JumpToApplication
 .text.iap_CheckApplication
                0x0000000008001bac       0xcc Core/Src/iap.o
                0x0000000008001bac                iap_CheckApplication
 .text.HAL_SPI_RxCpltCallback
                0x0000000008001c78       0x48 Core/Src/main.o
                0x0000000008001c78                HAL_SPI_RxCpltCallback
 .text.normalboot
                0x0000000008001cc0       0x2c Core/Src/main.o
                0x0000000008001cc0                normalboot
 .text.main     0x0000000008001cec      0x138 Core/Src/main.o
                0x0000000008001cec                main
 .text.SystemClock_Config
                0x0000000008001e24       0xe4 Core/Src/main.o
                0x0000000008001e24                SystemClock_Config
 .text.MX_SPI1_Init
                0x0000000008001f08       0x68 Core/Src/main.o
 .text.MX_USART1_UART_Init
                0x0000000008001f70       0x60 Core/Src/main.o
 .text.MX_DMA_Init
                0x0000000008001fd0       0x4c Core/Src/main.o
 .text.MX_GPIO_Init
                0x000000000800201c       0x5c Core/Src/main.o
 .text.Error_Handler
                0x0000000008002078        0x8 Core/Src/main.o
                0x0000000008002078                Error_Handler
 .text.sha1_transform
                0x0000000008002080      0x4e0 Core/Src/sha1.o
                0x0000000008002080                sha1_transform
 .text.sha1_init
                0x0000000008002560       0x7c Core/Src/sha1.o
                0x0000000008002560                sha1_init
 .text.sha1_update
                0x00000000080025dc       0x84 Core/Src/sha1.o
                0x00000000080025dc                sha1_update
 .text.sha1_final
                0x0000000008002660      0x1c2 Core/Src/sha1.o
                0x0000000008002660                sha1_final
 *fill*         0x0000000008002822        0x2 
 .text.HAL_MspInit
                0x0000000008002824       0x28 Core/Src/stm32l0xx_hal_msp.o
                0x0000000008002824                HAL_MspInit
 .text.HAL_SPI_MspInit
                0x000000000800284c      0x150 Core/Src/stm32l0xx_hal_msp.o
                0x000000000800284c                HAL_SPI_MspInit
 .text.HAL_UART_MspInit
                0x000000000800299c       0xf4 Core/Src/stm32l0xx_hal_msp.o
                0x000000000800299c                HAL_UART_MspInit
 .text.NMI_Handler
                0x0000000008002a90        0x6 Core/Src/stm32l0xx_it.o
                0x0000000008002a90                NMI_Handler
 .text.HardFault_Handler
                0x0000000008002a96        0x6 Core/Src/stm32l0xx_it.o
                0x0000000008002a96                HardFault_Handler
 .text.SVC_Handler
                0x0000000008002a9c        0xa Core/Src/stm32l0xx_it.o
                0x0000000008002a9c                SVC_Handler
 .text.PendSV_Handler
                0x0000000008002aa6        0xa Core/Src/stm32l0xx_it.o
                0x0000000008002aa6                PendSV_Handler
 .text.SysTick_Handler
                0x0000000008002ab0        0xe Core/Src/stm32l0xx_it.o
                0x0000000008002ab0                SysTick_Handler
 *fill*         0x0000000008002abe        0x2 
 .text.DMA1_Channel2_3_IRQHandler
                0x0000000008002ac0       0x24 Core/Src/stm32l0xx_it.o
                0x0000000008002ac0                DMA1_Channel2_3_IRQHandler
 .text.DMA1_Channel4_5_6_7_IRQHandler
                0x0000000008002ae4       0x18 Core/Src/stm32l0xx_it.o
                0x0000000008002ae4                DMA1_Channel4_5_6_7_IRQHandler
 .text.SPI1_IRQHandler
                0x0000000008002afc       0x18 Core/Src/stm32l0xx_it.o
                0x0000000008002afc                SPI1_IRQHandler
 .text.USART1_IRQHandler
                0x0000000008002b14       0x18 Core/Src/stm32l0xx_it.o
                0x0000000008002b14                USART1_IRQHandler
 .text._read    0x0000000008002b2c       0x3a Core/Src/syscalls.o
                0x0000000008002b2c                _read
 .text._write   0x0000000008002b66       0x38 Core/Src/syscalls.o
                0x0000000008002b66                _write
 .text._close   0x0000000008002b9e       0x14 Core/Src/syscalls.o
                0x0000000008002b9e                _close
 .text._fstat   0x0000000008002bb2       0x1c Core/Src/syscalls.o
                0x0000000008002bb2                _fstat
 .text._isatty  0x0000000008002bce       0x12 Core/Src/syscalls.o
                0x0000000008002bce                _isatty
 .text._lseek   0x0000000008002be0       0x16 Core/Src/syscalls.o
                0x0000000008002be0                _lseek
 *fill*         0x0000000008002bf6        0x2 
 .text._sbrk    0x0000000008002bf8       0x6c Core/Src/sysmem.o
                0x0000000008002bf8                _sbrk
 .text.SystemInit
                0x0000000008002c64        0xa Core/Src/system_stm32l0xx.o
                0x0000000008002c64                SystemInit
 *fill*         0x0000000008002c6e        0x2 
 .text.Reset_Handler
                0x0000000008002c70       0x50 Core/Startup/startup_stm32l073rztx.o
                0x0000000008002c70                Reset_Handler
 .text.Default_Handler
                0x0000000008002cc0        0x2 Core/Startup/startup_stm32l073rztx.o
                0x0000000008002cc0                TSC_IRQHandler
                0x0000000008002cc0                ADC1_COMP_IRQHandler
                0x0000000008002cc0                PVD_IRQHandler
                0x0000000008002cc0                I2C1_IRQHandler
                0x0000000008002cc0                RCC_CRS_IRQHandler
                0x0000000008002cc0                TIM6_DAC_IRQHandler
                0x0000000008002cc0                EXTI2_3_IRQHandler
                0x0000000008002cc0                I2C2_IRQHandler
                0x0000000008002cc0                RTC_IRQHandler
                0x0000000008002cc0                LCD_IRQHandler
                0x0000000008002cc0                TIM3_IRQHandler
                0x0000000008002cc0                EXTI4_15_IRQHandler
                0x0000000008002cc0                DMA1_Channel1_IRQHandler
                0x0000000008002cc0                USART4_5_IRQHandler
                0x0000000008002cc0                Default_Handler
                0x0000000008002cc0                TIM22_IRQHandler
                0x0000000008002cc0                TIM7_IRQHandler
                0x0000000008002cc0                EXTI0_1_IRQHandler
                0x0000000008002cc0                USB_IRQHandler
                0x0000000008002cc0                I2C3_IRQHandler
                0x0000000008002cc0                SPI2_IRQHandler
                0x0000000008002cc0                TIM21_IRQHandler
                0x0000000008002cc0                WWDG_IRQHandler
                0x0000000008002cc0                TIM2_IRQHandler
                0x0000000008002cc0                USART2_IRQHandler
                0x0000000008002cc0                FLASH_IRQHandler
                0x0000000008002cc0                RNG_LPUART1_IRQHandler
                0x0000000008002cc0                LPTIM1_IRQHandler
 *fill*         0x0000000008002cc2        0x2 
 .text.HAL_Init
                0x0000000008002cc4       0x40 Drivers/STM32L0xx_HAL_Driver/Src/stm32l0xx_hal.o
                0x0000000008002cc4                HAL_Init
 .text.HAL_InitTick
                0x0000000008002d04       0x68 Drivers/STM32L0xx_HAL_Driver/Src/stm32l0xx_hal.o
                0x0000000008002d04                HAL_InitTick
 .text.HAL_IncTick
                0x0000000008002d6c       0x24 Drivers/STM32L0xx_HAL_Driver/Src/stm32l0xx_hal.o
                0x0000000008002d6c                HAL_IncTick
 .text.HAL_GetTick
                0x0000000008002d90       0x14 Drivers/STM32L0xx_HAL_Driver/Src/stm32l0xx_hal.o
                0x0000000008002d90                HAL_GetTick
 .text.HAL_Delay
                0x0000000008002da4       0x44 Drivers/STM32L0xx_HAL_Driver/Src/stm32l0xx_hal.o
                0x0000000008002da4                HAL_Delay
 .text.__NVIC_EnableIRQ
                0x0000000008002de8       0x34 Drivers/STM32L0xx_HAL_Driver/Src/stm32l0xx_hal_cortex.o
 .text.__NVIC_DisableIRQ
                0x0000000008002e1c       0x40 Drivers/STM32L0xx_HAL_Driver/Src/stm32l0xx_hal_cortex.o
 .text.__NVIC_SetPriority
                0x0000000008002e5c       0xdc Drivers/STM32L0xx_HAL_Driver/Src/stm32l0xx_hal_cortex.o
 .text.SysTick_Config
                0x0000000008002f38       0x48 Drivers/STM32L0xx_HAL_Driver/Src/stm32l0xx_hal_cortex.o
 .text.HAL_NVIC_SetPriority
                0x0000000008002f80       0x2a Drivers/STM32L0xx_HAL_Driver/Src/stm32l0xx_hal_cortex.o
                0x0000000008002f80                HAL_NVIC_SetPriority
 .text.HAL_NVIC_EnableIRQ
                0x0000000008002faa       0x20 Drivers/STM32L0xx_HAL_Driver/Src/stm32l0xx_hal_cortex.o
                0x0000000008002faa                HAL_NVIC_EnableIRQ
 .text.HAL_NVIC_DisableIRQ
                0x0000000008002fca       0x20 Drivers/STM32L0xx_HAL_Driver/Src/stm32l0xx_hal_cortex.o
                0x0000000008002fca                HAL_NVIC_DisableIRQ
 .text.HAL_SYSTICK_Config
                0x0000000008002fea       0x1a Drivers/STM32L0xx_HAL_Driver/Src/stm32l0xx_hal_cortex.o
                0x0000000008002fea                HAL_SYSTICK_Config
 .text.HAL_DMA_Init
                0x0000000008003004       0xf0 Drivers/STM32L0xx_HAL_Driver/Src/stm32l0xx_hal_dma.o
                0x0000000008003004                HAL_DMA_Init
 .text.HAL_DMA_Start
                0x00000000080030f4       0x92 Drivers/STM32L0xx_HAL_Driver/Src/stm32l0xx_hal_dma.o
                0x00000000080030f4                HAL_DMA_Start
 .text.HAL_DMA_Start_IT
                0x0000000008003186       0xcc Drivers/STM32L0xx_HAL_Driver/Src/stm32l0xx_hal_dma.o
                0x0000000008003186                HAL_DMA_Start_IT
 .text.HAL_DMA_Abort
                0x0000000008003252       0x80 Drivers/STM32L0xx_HAL_Driver/Src/stm32l0xx_hal_dma.o
                0x0000000008003252                HAL_DMA_Abort
 .text.HAL_DMA_Abort_IT
                0x00000000080032d2       0x90 Drivers/STM32L0xx_HAL_Driver/Src/stm32l0xx_hal_dma.o
                0x00000000080032d2                HAL_DMA_Abort_IT
 .text.HAL_DMA_IRQHandler
                0x0000000008003362      0x15c Drivers/STM32L0xx_HAL_Driver/Src/stm32l0xx_hal_dma.o
                0x0000000008003362                HAL_DMA_IRQHandler
 .text.DMA_SetConfig
                0x00000000080034be       0x5c Drivers/STM32L0xx_HAL_Driver/Src/stm32l0xx_hal_dma.o
 *fill*         0x000000000800351a        0x2 
 .text.HAL_FLASH_Program
                0x000000000800351c       0x78 Drivers/STM32L0xx_HAL_Driver/Src/stm32l0xx_hal_flash.o
                0x000000000800351c                HAL_FLASH_Program
 .text.HAL_FLASH_Unlock
                0x0000000008003594       0xa0 Drivers/STM32L0xx_HAL_Driver/Src/stm32l0xx_hal_flash.o
                0x0000000008003594                HAL_FLASH_Unlock
 .text.HAL_FLASH_Lock
                0x0000000008003634       0x28 Drivers/STM32L0xx_HAL_Driver/Src/stm32l0xx_hal_flash.o
                0x0000000008003634                HAL_FLASH_Lock
 .text.FLASH_WaitForLastOperation
                0x000000000800365c       0xe4 Drivers/STM32L0xx_HAL_Driver/Src/stm32l0xx_hal_flash.o
                0x000000000800365c                FLASH_WaitForLastOperation
 .text.FLASH_SetErrorCode
                0x0000000008003740      0x138 Drivers/STM32L0xx_HAL_Driver/Src/stm32l0xx_hal_flash.o
 .text.HAL_FLASHEx_Erase
                0x0000000008003878       0xcc Drivers/STM32L0xx_HAL_Driver/Src/stm32l0xx_hal_flash_ex.o
                0x0000000008003878                HAL_FLASHEx_Erase
 .text.FLASH_PageErase
                0x0000000008003944       0x44 Drivers/STM32L0xx_HAL_Driver/Src/stm32l0xx_hal_flash_ex.o
                0x0000000008003944                FLASH_PageErase
 .text.HAL_GPIO_Init
                0x0000000008003988      0x2fc Drivers/STM32L0xx_HAL_Driver/Src/stm32l0xx_hal_gpio.o
                0x0000000008003988                HAL_GPIO_Init
 .text.HAL_RCC_OscConfig
                0x0000000008003c84      0x7ac Drivers/STM32L0xx_HAL_Driver/Src/stm32l0xx_hal_rcc.o
                0x0000000008003c84                HAL_RCC_OscConfig
 .text.HAL_RCC_ClockConfig
                0x0000000008004430      0x290 Drivers/STM32L0xx_HAL_Driver/Src/stm32l0xx_hal_rcc.o
                0x0000000008004430                HAL_RCC_ClockConfig
 .text.HAL_RCC_GetSysClockFreq
                0x00000000080046c0      0x144 Drivers/STM32L0xx_HAL_Driver/Src/stm32l0xx_hal_rcc.o
                0x00000000080046c0                HAL_RCC_GetSysClockFreq
 .text.HAL_RCC_GetHCLKFreq
                0x0000000008004804       0x14 Drivers/STM32L0xx_HAL_Driver/Src/stm32l0xx_hal_rcc.o
                0x0000000008004804                HAL_RCC_GetHCLKFreq
 .text.HAL_RCC_GetPCLK1Freq
                0x0000000008004818       0x2c Drivers/STM32L0xx_HAL_Driver/Src/stm32l0xx_hal_rcc.o
                0x0000000008004818                HAL_RCC_GetPCLK1Freq
 .text.HAL_RCC_GetPCLK2Freq
                0x0000000008004844       0x2c Drivers/STM32L0xx_HAL_Driver/Src/stm32l0xx_hal_rcc.o
                0x0000000008004844                HAL_RCC_GetPCLK2Freq
 .text.HAL_RCCEx_PeriphCLKConfig
                0x0000000008004870      0x2e8 Drivers/STM32L0xx_HAL_Driver/Src/stm32l0xx_hal_rcc_ex.o
                0x0000000008004870                HAL_RCCEx_PeriphCLKConfig
 .text.HAL_SPI_Init
                0x0000000008004b58      0x128 Drivers/STM32L0xx_HAL_Driver/Src/stm32l0xx_hal_spi.o
                0x0000000008004b58                HAL_SPI_Init
 .text.HAL_SPI_Receive_DMA
                0x0000000008004c80      0x1b4 Drivers/STM32L0xx_HAL_Driver/Src/stm32l0xx_hal_spi.o
                0x0000000008004c80                HAL_SPI_Receive_DMA
 .text.HAL_SPI_TransmitReceive_DMA
                0x0000000008004e34      0x234 Drivers/STM32L0xx_HAL_Driver/Src/stm32l0xx_hal_spi.o
                0x0000000008004e34                HAL_SPI_TransmitReceive_DMA
 .text.HAL_SPI_IRQHandler
                0x0000000008005068      0x1fc Drivers/STM32L0xx_HAL_Driver/Src/stm32l0xx_hal_spi.o
                0x0000000008005068                HAL_SPI_IRQHandler
 .text.HAL_SPI_TxRxCpltCallback
                0x0000000008005264       0x10 Drivers/STM32L0xx_HAL_Driver/Src/stm32l0xx_hal_spi.o
                0x0000000008005264                HAL_SPI_TxRxCpltCallback
 .text.HAL_SPI_RxHalfCpltCallback
                0x0000000008005274       0x10 Drivers/STM32L0xx_HAL_Driver/Src/stm32l0xx_hal_spi.o
                0x0000000008005274                HAL_SPI_RxHalfCpltCallback
 .text.HAL_SPI_TxRxHalfCpltCallback
                0x0000000008005284       0x10 Drivers/STM32L0xx_HAL_Driver/Src/stm32l0xx_hal_spi.o
                0x0000000008005284                HAL_SPI_TxRxHalfCpltCallback
 .text.HAL_SPI_ErrorCallback
                0x0000000008005294       0x10 Drivers/STM32L0xx_HAL_Driver/Src/stm32l0xx_hal_spi.o
                0x0000000008005294                HAL_SPI_ErrorCallback
 .text.SPI_DMAReceiveCplt
                0x00000000080052a4       0xae Drivers/STM32L0xx_HAL_Driver/Src/stm32l0xx_hal_spi.o
 .text.SPI_DMATransmitReceiveCplt
                0x0000000008005352       0x94 Drivers/STM32L0xx_HAL_Driver/Src/stm32l0xx_hal_spi.o
 .text.SPI_DMAHalfReceiveCplt
                0x00000000080053e6       0x1e Drivers/STM32L0xx_HAL_Driver/Src/stm32l0xx_hal_spi.o
 .text.SPI_DMAHalfTransmitReceiveCplt
                0x0000000008005404       0x1e Drivers/STM32L0xx_HAL_Driver/Src/stm32l0xx_hal_spi.o
 .text.SPI_DMAError
                0x0000000008005422       0x42 Drivers/STM32L0xx_HAL_Driver/Src/stm32l0xx_hal_spi.o
 .text.SPI_DMAAbortOnError
                0x0000000008005464       0x2a Drivers/STM32L0xx_HAL_Driver/Src/stm32l0xx_hal_spi.o
 *fill*         0x000000000800548e        0x2 
 .text.SPI_WaitFlagStateUntilTimeout
                0x0000000008005490      0x11c Drivers/STM32L0xx_HAL_Driver/Src/stm32l0xx_hal_spi.o
 .text.SPI_EndRxTransaction
                0x00000000080055ac       0xd4 Drivers/STM32L0xx_HAL_Driver/Src/stm32l0xx_hal_spi.o
 .text.SPI_EndRxTxTransaction
                0x0000000008005680       0x8c Drivers/STM32L0xx_HAL_Driver/Src/stm32l0xx_hal_spi.o
 .text.HAL_UART_Init
                0x000000000800570c       0xa8 Drivers/STM32L0xx_HAL_Driver/Src/stm32l0xx_hal_uart.o
                0x000000000800570c                HAL_UART_Init
 .text.HAL_UART_Transmit_DMA
                0x00000000080057b4      0x140 Drivers/STM32L0xx_HAL_Driver/Src/stm32l0xx_hal_uart.o
                0x00000000080057b4                HAL_UART_Transmit_DMA
 .text.HAL_UART_IRQHandler
                0x00000000080058f4      0x5a4 Drivers/STM32L0xx_HAL_Driver/Src/stm32l0xx_hal_uart.o
                0x00000000080058f4                HAL_UART_IRQHandler
 .text.HAL_UART_TxCpltCallback
                0x0000000008005e98       0x10 Drivers/STM32L0xx_HAL_Driver/Src/stm32l0xx_hal_uart.o
                0x0000000008005e98                HAL_UART_TxCpltCallback
 .text.HAL_UART_TxHalfCpltCallback
                0x0000000008005ea8       0x10 Drivers/STM32L0xx_HAL_Driver/Src/stm32l0xx_hal_uart.o
                0x0000000008005ea8                HAL_UART_TxHalfCpltCallback
 .text.HAL_UART_ErrorCallback
                0x0000000008005eb8       0x10 Drivers/STM32L0xx_HAL_Driver/Src/stm32l0xx_hal_uart.o
                0x0000000008005eb8                HAL_UART_ErrorCallback
 .text.HAL_UARTEx_RxEventCallback
                0x0000000008005ec8       0x16 Drivers/STM32L0xx_HAL_Driver/Src/stm32l0xx_hal_uart.o
                0x0000000008005ec8                HAL_UARTEx_RxEventCallback
 *fill*         0x0000000008005ede        0x2 
 .text.UART_SetConfig
                0x0000000008005ee0      0x578 Drivers/STM32L0xx_HAL_Driver/Src/stm32l0xx_hal_uart.o
                0x0000000008005ee0                UART_SetConfig
 .text.UART_AdvFeatureConfig
                0x0000000008006458      0x168 Drivers/STM32L0xx_HAL_Driver/Src/stm32l0xx_hal_uart.o
                0x0000000008006458                UART_AdvFeatureConfig
 .text.UART_CheckIdleState
                0x00000000080065c0       0x94 Drivers/STM32L0xx_HAL_Driver/Src/stm32l0xx_hal_uart.o
                0x00000000080065c0                UART_CheckIdleState
 .text.UART_WaitOnFlagUntilTimeout
                0x0000000008006654      0x178 Drivers/STM32L0xx_HAL_Driver/Src/stm32l0xx_hal_uart.o
                0x0000000008006654                UART_WaitOnFlagUntilTimeout
 .text.UART_EndTxTransfer
                0x00000000080067cc       0x44 Drivers/STM32L0xx_HAL_Driver/Src/stm32l0xx_hal_uart.o
 .text.UART_EndRxTransfer
                0x0000000008006810       0xb8 Drivers/STM32L0xx_HAL_Driver/Src/stm32l0xx_hal_uart.o
 .text.UART_DMATransmitCplt
                0x00000000080068c8       0x90 Drivers/STM32L0xx_HAL_Driver/Src/stm32l0xx_hal_uart.o
 .text.UART_DMATxHalfCplt
                0x0000000008006958       0x1e Drivers/STM32L0xx_HAL_Driver/Src/stm32l0xx_hal_uart.o
 .text.UART_DMAError
                0x0000000008006976       0x82 Drivers/STM32L0xx_HAL_Driver/Src/stm32l0xx_hal_uart.o
 .text.UART_DMAAbortOnError
                0x00000000080069f8       0x2e Drivers/STM32L0xx_HAL_Driver/Src/stm32l0xx_hal_uart.o
 .text.UART_EndTransmit_IT
                0x0000000008006a26       0x52 Drivers/STM32L0xx_HAL_Driver/Src/stm32l0xx_hal_uart.o
 .text.HAL_UARTEx_WakeupCallback
                0x0000000008006a78       0x10 Drivers/STM32L0xx_HAL_Driver/Src/stm32l0xx_hal_uart_ex.o
                0x0000000008006a78                HAL_UARTEx_WakeupCallback
 .text.__errno  0x0000000008006a88        0xc c:/st/stm32cubeide_1.3.0/stm32cubeide/plugins/com.st.stm32cube.ide.mcu.externaltools.gnu-tools-for-stm32.7-2018-q2-update.win32_1.5.0.202011040924/tools/bin/../lib/gcc/arm-none-eabi/7.3.1/../../../../arm-none-eabi/lib/thumb/v6-m\libc_nano.a(lib_a-errno.o)
                0x0000000008006a88                __errno
 .text.__libc_init_array
                0x0000000008006a94       0x48 c:/st/stm32cubeide_1.3.0/stm32cubeide/plugins/com.st.stm32cube.ide.mcu.externaltools.gnu-tools-for-stm32.7-2018-q2-update.win32_1.5.0.202011040924/tools/bin/../lib/gcc/arm-none-eabi/7.3.1/../../../../arm-none-eabi/lib/thumb/v6-m\libc_nano.a(lib_a-init.o)
                0x0000000008006a94                __libc_init_array
 .text.memcmp   0x0000000008006adc       0x1e c:/st/stm32cubeide_1.3.0/stm32cubeide/plugins/com.st.stm32cube.ide.mcu.externaltools.gnu-tools-for-stm32.7-2018-q2-update.win32_1.5.0.202011040924/tools/bin/../lib/gcc/arm-none-eabi/7.3.1/../../../../arm-none-eabi/lib/thumb/v6-m\libc_nano.a(lib_a-memcmp.o)
                0x0000000008006adc                memcmp
 .text.memcpy   0x0000000008006afa       0x12 c:/st/stm32cubeide_1.3.0/stm32cubeide/plugins/com.st.stm32cube.ide.mcu.externaltools.gnu-tools-for-stm32.7-2018-q2-update.win32_1.5.0.202011040924/tools/bin/../lib/gcc/arm-none-eabi/7.3.1/../../../../arm-none-eabi/lib/thumb/v6-m\libc_nano.a(lib_a-memcpy-stub.o)
                0x0000000008006afa                memcpy
 .text.memset   0x0000000008006b0c       0x10 c:/st/stm32cubeide_1.3.0/stm32cubeide/plugins/com.st.stm32cube.ide.mcu.externaltools.gnu-tools-for-stm32.7-2018-q2-update.win32_1.5.0.202011040924/tools/bin/../lib/gcc/arm-none-eabi/7.3.1/../../../../arm-none-eabi/lib/thumb/v6-m\libc_nano.a(lib_a-memset.o)
                0x0000000008006b0c                memset
 .text.printf   0x0000000008006b1c       0x34 c:/st/stm32cubeide_1.3.0/stm32cubeide/plugins/com.st.stm32cube.ide.mcu.externaltools.gnu-tools-for-stm32.7-2018-q2-update.win32_1.5.0.202011040924/tools/bin/../lib/gcc/arm-none-eabi/7.3.1/../../../../arm-none-eabi/lib/thumb/v6-m\libc_nano.a(lib_a-printf.o)
                0x0000000008006b1c                iprintf
                0x0000000008006b1c                printf
 .text._puts_r  0x0000000008006b50       0xc0 c:/st/stm32cubeide_1.3.0/stm32cubeide/plugins/com.st.stm32cube.ide.mcu.externaltools.gnu-tools-for-stm32.7-2018-q2-update.win32_1.5.0.202011040924/tools/bin/../lib/gcc/arm-none-eabi/7.3.1/../../../../arm-none-eabi/lib/thumb/v6-m\libc_nano.a(lib_a-puts.o)
                0x0000000008006b50                _puts_r
 .text.puts     0x0000000008006c10       0x14 c:/st/stm32cubeide_1.3.0/stm32cubeide/plugins/com.st.stm32cube.ide.mcu.externaltools.gnu-tools-for-stm32.7-2018-q2-update.win32_1.5.0.202011040924/tools/bin/../lib/gcc/arm-none-eabi/7.3.1/../../../../arm-none-eabi/lib/thumb/v6-m\libc_nano.a(lib_a-puts.o)
                0x0000000008006c10                puts
 .text.__swbuf_r
                0x0000000008006c24       0xac c:/st/stm32cubeide_1.3.0/stm32cubeide/plugins/com.st.stm32cube.ide.mcu.externaltools.gnu-tools-for-stm32.7-2018-q2-update.win32_1.5.0.202011040924/tools/bin/../lib/gcc/arm-none-eabi/7.3.1/../../../../arm-none-eabi/lib/thumb/v6-m\libc_nano.a(lib_a-wbuf.o)
                0x0000000008006c24                __swbuf_r
 .text.__swsetup_r
                0x0000000008006cd0       0xec c:/st/stm32cubeide_1.3.0/stm32cubeide/plugins/com.st.stm32cube.ide.mcu.externaltools.gnu-tools-for-stm32.7-2018-q2-update.win32_1.5.0.202011040924/tools/bin/../lib/gcc/arm-none-eabi/7.3.1/../../../../arm-none-eabi/lib/thumb/v6-m\libc_nano.a(lib_a-wsetup.o)
                0x0000000008006cd0                __swsetup_r
 .text.__sflush_r
                0x0000000008006dbc      0x114 c:/st/stm32cubeide_1.3.0/stm32cubeide/plugins/com.st.stm32cube.ide.mcu.externaltools.gnu-tools-for-stm32.7-2018-q2-update.win32_1.5.0.202011040924/tools/bin/../lib/gcc/arm-none-eabi/7.3.1/../../../../arm-none-eabi/lib/thumb/v6-m\libc_nano.a(lib_a-fflush.o)
                0x0000000008006dbc                __sflush_r
 .text._fflush_r
                0x0000000008006ed0       0x58 c:/st/stm32cubeide_1.3.0/stm32cubeide/plugins/com.st.stm32cube.ide.mcu.externaltools.gnu-tools-for-stm32.7-2018-q2-update.win32_1.5.0.202011040924/tools/bin/../lib/gcc/arm-none-eabi/7.3.1/../../../../arm-none-eabi/lib/thumb/v6-m\libc_nano.a(lib_a-fflush.o)
                0x0000000008006ed0                _fflush_r
 .text.std      0x0000000008006f28       0x48 c:/st/stm32cubeide_1.3.0/stm32cubeide/plugins/com.st.stm32cube.ide.mcu.externaltools.gnu-tools-for-stm32.7-2018-q2-update.win32_1.5.0.202011040924/tools/bin/../lib/gcc/arm-none-eabi/7.3.1/../../../../arm-none-eabi/lib/thumb/v6-m\libc_nano.a(lib_a-findfp.o)
 .text._cleanup_r
                0x0000000008006f70       0x10 c:/st/stm32cubeide_1.3.0/stm32cubeide/plugins/com.st.stm32cube.ide.mcu.externaltools.gnu-tools-for-stm32.7-2018-q2-update.win32_1.5.0.202011040924/tools/bin/../lib/gcc/arm-none-eabi/7.3.1/../../../../arm-none-eabi/lib/thumb/v6-m\libc_nano.a(lib_a-findfp.o)
                0x0000000008006f70                _cleanup_r
 .text.__sfmoreglue
                0x0000000008006f80       0x2c c:/st/stm32cubeide_1.3.0/stm32cubeide/plugins/com.st.stm32cube.ide.mcu.externaltools.gnu-tools-for-stm32.7-2018-q2-update.win32_1.5.0.202011040924/tools/bin/../lib/gcc/arm-none-eabi/7.3.1/../../../../arm-none-eabi/lib/thumb/v6-m\libc_nano.a(lib_a-findfp.o)
                0x0000000008006f80                __sfmoreglue
 .text.__sinit  0x0000000008006fac       0x68 c:/st/stm32cubeide_1.3.0/stm32cubeide/plugins/com.st.stm32cube.ide.mcu.externaltools.gnu-tools-for-stm32.7-2018-q2-update.win32_1.5.0.202011040924/tools/bin/../lib/gcc/arm-none-eabi/7.3.1/../../../../arm-none-eabi/lib/thumb/v6-m\libc_nano.a(lib_a-findfp.o)
                0x0000000008006fac                __sinit
 .text.__sfp    0x0000000008007014       0x7c c:/st/stm32cubeide_1.3.0/stm32cubeide/plugins/com.st.stm32cube.ide.mcu.externaltools.gnu-tools-for-stm32.7-2018-q2-update.win32_1.5.0.202011040924/tools/bin/../lib/gcc/arm-none-eabi/7.3.1/../../../../arm-none-eabi/lib/thumb/v6-m\libc_nano.a(lib_a-findfp.o)
                0x0000000008007014                __sfp
 .text._fwalk_reent
                0x0000000008007090       0x42 c:/st/stm32cubeide_1.3.0/stm32cubeide/plugins/com.st.stm32cube.ide.mcu.externaltools.gnu-tools-for-stm32.7-2018-q2-update.win32_1.5.0.202011040924/tools/bin/../lib/gcc/arm-none-eabi/7.3.1/../../../../arm-none-eabi/lib/thumb/v6-m\libc_nano.a(lib_a-fwalk.o)
                0x0000000008007090                _fwalk_reent
 *fill*         0x00000000080070d2        0x2 
 .text.__swhatbuf_r
                0x00000000080070d4       0x50 c:/st/stm32cubeide_1.3.0/stm32cubeide/plugins/com.st.stm32cube.ide.mcu.externaltools.gnu-tools-for-stm32.7-2018-q2-update.win32_1.5.0.202011040924/tools/bin/../lib/gcc/arm-none-eabi/7.3.1/../../../../arm-none-eabi/lib/thumb/v6-m\libc_nano.a(lib_a-makebuf.o)
                0x00000000080070d4                __swhatbuf_r
 .text.__smakebuf_r
                0x0000000008007124       0x88 c:/st/stm32cubeide_1.3.0/stm32cubeide/plugins/com.st.stm32cube.ide.mcu.externaltools.gnu-tools-for-stm32.7-2018-q2-update.win32_1.5.0.202011040924/tools/bin/../lib/gcc/arm-none-eabi/7.3.1/../../../../arm-none-eabi/lib/thumb/v6-m\libc_nano.a(lib_a-makebuf.o)
                0x0000000008007124                __smakebuf_r
 .text._free_r  0x00000000080071ac       0x94 c:/st/stm32cubeide_1.3.0/stm32cubeide/plugins/com.st.stm32cube.ide.mcu.externaltools.gnu-tools-for-stm32.7-2018-q2-update.win32_1.5.0.202011040924/tools/bin/../lib/gcc/arm-none-eabi/7.3.1/../../../../arm-none-eabi/lib/thumb/v6-m\libc_nano.a(lib_a-nano-freer.o)
                0x00000000080071ac                _free_r
 .text._malloc_r
                0x0000000008007240       0xbc c:/st/stm32cubeide_1.3.0/stm32cubeide/plugins/com.st.stm32cube.ide.mcu.externaltools.gnu-tools-for-stm32.7-2018-q2-update.win32_1.5.0.202011040924/tools/bin/../lib/gcc/arm-none-eabi/7.3.1/../../../../arm-none-eabi/lib/thumb/v6-m\libc_nano.a(lib_a-nano-mallocr.o)
                0x0000000008007240                _malloc_r
 .text.__sfputc_r
                0x00000000080072fc       0x2a c:/st/stm32cubeide_1.3.0/stm32cubeide/plugins/com.st.stm32cube.ide.mcu.externaltools.gnu-tools-for-stm32.7-2018-q2-update.win32_1.5.0.202011040924/tools/bin/../lib/gcc/arm-none-eabi/7.3.1/../../../../arm-none-eabi/lib/thumb/v6-m\libc_nano.a(lib_a-nano-vfprintf.o)
 .text.__sfputs_r
                0x0000000008007326       0x24 c:/st/stm32cubeide_1.3.0/stm32cubeide/plugins/com.st.stm32cube.ide.mcu.externaltools.gnu-tools-for-stm32.7-2018-q2-update.win32_1.5.0.202011040924/tools/bin/../lib/gcc/arm-none-eabi/7.3.1/../../../../arm-none-eabi/lib/thumb/v6-m\libc_nano.a(lib_a-nano-vfprintf.o)
                0x0000000008007326                __sfputs_r
 *fill*         0x000000000800734a        0x2 
 .text._vfprintf_r
                0x000000000800734c      0x22c c:/st/stm32cubeide_1.3.0/stm32cubeide/plugins/com.st.stm32cube.ide.mcu.externaltools.gnu-tools-for-stm32.7-2018-q2-update.win32_1.5.0.202011040924/tools/bin/../lib/gcc/arm-none-eabi/7.3.1/../../../../arm-none-eabi/lib/thumb/v6-m\libc_nano.a(lib_a-nano-vfprintf.o)
                0x000000000800734c                _vfprintf_r
                0x000000000800734c                _vfiprintf_r
 .text._printf_common
                0x0000000008007578       0xda c:/st/stm32cubeide_1.3.0/stm32cubeide/plugins/com.st.stm32cube.ide.mcu.externaltools.gnu-tools-for-stm32.7-2018-q2-update.win32_1.5.0.202011040924/tools/bin/../lib/gcc/arm-none-eabi/7.3.1/../../../../arm-none-eabi/lib/thumb/v6-m\libc_nano.a(lib_a-nano-vfprintf_i.o)
                0x0000000008007578                _printf_common
 *fill*         0x0000000008007652        0x2 
 .text._printf_i
                0x0000000008007654      0x210 c:/st/stm32cubeide_1.3.0/stm32cubeide/plugins/com.st.stm32cube.ide.mcu.externaltools.gnu-tools-for-stm32.7-2018-q2-update.win32_1.5.0.202011040924/tools/bin/../lib/gcc/arm-none-eabi/7.3.1/../../../../arm-none-eabi/lib/thumb/v6-m\libc_nano.a(lib_a-nano-vfprintf_i.o)
                0x0000000008007654                _printf_i
 .text._sbrk_r  0x0000000008007864       0x24 c:/st/stm32cubeide_1.3.0/stm32cubeide/plugins/com.st.stm32cube.ide.mcu.externaltools.gnu-tools-for-stm32.7-2018-q2-update.win32_1.5.0.202011040924/tools/bin/../lib/gcc/arm-none-eabi/7.3.1/../../../../arm-none-eabi/lib/thumb/v6-m\libc_nano.a(lib_a-sbrkr.o)
                0x0000000008007864                _sbrk_r
 .text.__sread  0x0000000008007888       0x28 c:/st/stm32cubeide_1.3.0/stm32cubeide/plugins/com.st.stm32cube.ide.mcu.externaltools.gnu-tools-for-stm32.7-2018-q2-update.win32_1.5.0.202011040924/tools/bin/../lib/gcc/arm-none-eabi/7.3.1/../../../../arm-none-eabi/lib/thumb/v6-m\libc_nano.a(lib_a-stdio.o)
                0x0000000008007888                __sread
 .text.__swrite
                0x00000000080078b0       0x38 c:/st/stm32cubeide_1.3.0/stm32cubeide/plugins/com.st.stm32cube.ide.mcu.externaltools.gnu-tools-for-stm32.7-2018-q2-update.win32_1.5.0.202011040924/tools/bin/../lib/gcc/arm-none-eabi/7.3.1/../../../../arm-none-eabi/lib/thumb/v6-m\libc_nano.a(lib_a-stdio.o)
                0x00000000080078b0                __swrite
 .text.__sseek  0x00000000080078e8       0x2c c:/st/stm32cubeide_1.3.0/stm32cubeide/plugins/com.st.stm32cube.ide.mcu.externaltools.gnu-tools-for-stm32.7-2018-q2-update.win32_1.5.0.202011040924/tools/bin/../lib/gcc/arm-none-eabi/7.3.1/../../../../arm-none-eabi/lib/thumb/v6-m\libc_nano.a(lib_a-stdio.o)
                0x00000000080078e8                __sseek
 .text.__sclose
                0x0000000008007914        0xc c:/st/stm32cubeide_1.3.0/stm32cubeide/plugins/com.st.stm32cube.ide.mcu.externaltools.gnu-tools-for-stm32.7-2018-q2-update.win32_1.5.0.202011040924/tools/bin/../lib/gcc/arm-none-eabi/7.3.1/../../../../arm-none-eabi/lib/thumb/v6-m\libc_nano.a(lib_a-stdio.o)
                0x0000000008007914                __sclose
 .text._write_r
                0x0000000008007920       0x28 c:/st/stm32cubeide_1.3.0/stm32cubeide/plugins/com.st.stm32cube.ide.mcu.externaltools.gnu-tools-for-stm32.7-2018-q2-update.win32_1.5.0.202011040924/tools/bin/../lib/gcc/arm-none-eabi/7.3.1/../../../../arm-none-eabi/lib/thumb/v6-m\libc_nano.a(lib_a-writer.o)
                0x0000000008007920                _write_r
 .text._close_r
                0x0000000008007948       0x24 c:/st/stm32cubeide_1.3.0/stm32cubeide/plugins/com.st.stm32cube.ide.mcu.externaltools.gnu-tools-for-stm32.7-2018-q2-update.win32_1.5.0.202011040924/tools/bin/../lib/gcc/arm-none-eabi/7.3.1/../../../../arm-none-eabi/lib/thumb/v6-m\libc_nano.a(lib_a-closer.o)
                0x0000000008007948                _close_r
 .text._fstat_r
                0x000000000800796c       0x24 c:/st/stm32cubeide_1.3.0/stm32cubeide/plugins/com.st.stm32cube.ide.mcu.externaltools.gnu-tools-for-stm32.7-2018-q2-update.win32_1.5.0.202011040924/tools/bin/../lib/gcc/arm-none-eabi/7.3.1/../../../../arm-none-eabi/lib/thumb/v6-m\libc_nano.a(lib_a-fstatr.o)
                0x000000000800796c                _fstat_r
 .text._isatty_r
                0x0000000008007990       0x24 c:/st/stm32cubeide_1.3.0/stm32cubeide/plugins/com.st.stm32cube.ide.mcu.externaltools.gnu-tools-for-stm32.7-2018-q2-update.win32_1.5.0.202011040924/tools/bin/../lib/gcc/arm-none-eabi/7.3.1/../../../../arm-none-eabi/lib/thumb/v6-m\libc_nano.a(lib_a-isattyr.o)
                0x0000000008007990                _isatty_r
 .text._lseek_r
                0x00000000080079b4       0x28 c:/st/stm32cubeide_1.3.0/stm32cubeide/plugins/com.st.stm32cube.ide.mcu.externaltools.gnu-tools-for-stm32.7-2018-q2-update.win32_1.5.0.202011040924/tools/bin/../lib/gcc/arm-none-eabi/7.3.1/../../../../arm-none-eabi/lib/thumb/v6-m\libc_nano.a(lib_a-lseekr.o)
                0x00000000080079b4                _lseek_r
 .text.memchr   0x00000000080079dc       0x16 c:/st/stm32cubeide_1.3.0/stm32cubeide/plugins/com.st.stm32cube.ide.mcu.externaltools.gnu-tools-for-stm32.7-2018-q2-update.win32_1.5.0.202011040924/tools/bin/../lib/gcc/arm-none-eabi/7.3.1/../../../../arm-none-eabi/lib/thumb/v6-m\libc_nano.a(lib_a-memchr-stub.o)
                0x00000000080079dc                memchr
 .text.__malloc_lock
                0x00000000080079f2        0x2 c:/st/stm32cubeide_1.3.0/stm32cubeide/plugins/com.st.stm32cube.ide.mcu.externaltools.gnu-tools-for-stm32.7-2018-q2-update.win32_1.5.0.202011040924/tools/bin/../lib/gcc/arm-none-eabi/7.3.1/../../../../arm-none-eabi/lib/thumb/v6-m\libc_nano.a(lib_a-mlock.o)
                0x00000000080079f2                __malloc_lock
 .text.__malloc_unlock
                0x00000000080079f4        0x2 c:/st/stm32cubeide_1.3.0/stm32cubeide/plugins/com.st.stm32cube.ide.mcu.externaltools.gnu-tools-for-stm32.7-2018-q2-update.win32_1.5.0.202011040924/tools/bin/../lib/gcc/arm-none-eabi/7.3.1/../../../../arm-none-eabi/lib/thumb/v6-m\libc_nano.a(lib_a-mlock.o)
                0x00000000080079f4                __malloc_unlock
 *fill*         0x00000000080079f6        0x2 
 .text._read_r  0x00000000080079f8       0x28 c:/st/stm32cubeide_1.3.0/stm32cubeide/plugins/com.st.stm32cube.ide.mcu.externaltools.gnu-tools-for-stm32.7-2018-q2-update.win32_1.5.0.202011040924/tools/bin/../lib/gcc/arm-none-eabi/7.3.1/../../../../arm-none-eabi/lib/thumb/v6-m\libc_nano.a(lib_a-readr.o)
                0x00000000080079f8                _read_r
 *(.glue_7)
 .glue_7        0x0000000008007a20        0x0 linker stubs
 *(.glue_7t)
 .glue_7t       0x0000000008007a20        0x0 linker stubs
 *(.eh_frame)
 .eh_frame      0x0000000008007a20        0x0 c:/st/stm32cubeide_1.3.0/stm32cubeide/plugins/com.st.stm32cube.ide.mcu.externaltools.gnu-tools-for-stm32.7-2018-q2-update.win32_1.5.0.202011040924/tools/bin/../lib/gcc/arm-none-eabi/7.3.1/thumb/v6-m/crtbegin.o
 *(.init)
 .init          0x0000000008007a20        0x4 c:/st/stm32cubeide_1.3.0/stm32cubeide/plugins/com.st.stm32cube.ide.mcu.externaltools.gnu-tools-for-stm32.7-2018-q2-update.win32_1.5.0.202011040924/tools/bin/../lib/gcc/arm-none-eabi/7.3.1/thumb/v6-m/crti.o
                0x0000000008007a20                _init
 .init          0x0000000008007a24        0x8 c:/st/stm32cubeide_1.3.0/stm32cubeide/plugins/com.st.stm32cube.ide.mcu.externaltools.gnu-tools-for-stm32.7-2018-q2-update.win32_1.5.0.202011040924/tools/bin/../lib/gcc/arm-none-eabi/7.3.1/thumb/v6-m/crtn.o
 *(.fini)
 .fini          0x0000000008007a2c        0x4 c:/st/stm32cubeide_1.3.0/stm32cubeide/plugins/com.st.stm32cube.ide.mcu.externaltools.gnu-tools-for-stm32.7-2018-q2-update.win32_1.5.0.202011040924/tools/bin/../lib/gcc/arm-none-eabi/7.3.1/thumb/v6-m/crti.o
                0x0000000008007a2c                _fini
 .fini          0x0000000008007a30        0x8 c:/st/stm32cubeide_1.3.0/stm32cubeide/plugins/com.st.stm32cube.ide.mcu.externaltools.gnu-tools-for-stm32.7-2018-q2-update.win32_1.5.0.202011040924/tools/bin/../lib/gcc/arm-none-eabi/7.3.1/thumb/v6-m/crtn.o
                0x0000000008007a38                . = ALIGN (0x4)
                0x0000000008007a38                _etext = .

.vfp11_veneer   0x0000000008007a38        0x0
 .vfp11_veneer  0x0000000008007a38        0x0 linker stubs

.v4_bx          0x0000000008007a38        0x0
 .v4_bx         0x0000000008007a38        0x0 linker stubs

.iplt           0x0000000008007a38        0x0
 .iplt          0x0000000008007a38        0x0 c:/st/stm32cubeide_1.3.0/stm32cubeide/plugins/com.st.stm32cube.ide.mcu.externaltools.gnu-tools-for-stm32.7-2018-q2-update.win32_1.5.0.202011040924/tools/bin/../lib/gcc/arm-none-eabi/7.3.1/thumb/v6-m/crtbegin.o

.rodata         0x0000000008007a38      0x658
                0x0000000008007a38                . = ALIGN (0x4)
 *(.rodata)
 .rodata        0x0000000008007a38       0x61 Core/Src/bus_comm.o
 *fill*         0x0000000008007a99        0x3 
 .rodata        0x0000000008007a9c       0x16 Core/Src/iap.o
 *fill*         0x0000000008007ab2        0x2 
 .rodata        0x0000000008007ab4       0x42 Core/Src/main.o
 *(.rodata*)
 *fill*         0x0000000008007af6        0x2 
 .rodata.sbox   0x0000000008007af8      0x100 Core/Src/aes.o
 .rodata.rsbox  0x0000000008007bf8      0x100 Core/Src/aes.o
 .rodata.Rcon   0x0000000008007cf8        0xb Core/Src/aes.o
 *fill*         0x0000000008007d03        0x1 
 .rodata.aes_key
                0x0000000008007d04       0x10 Core/Src/aes_key.o
                0x0000000008007d04                aes_key
 .rodata.commands
                0x0000000008007d14       0x78 Core/Src/bus_comm.o
                0x0000000008007d14                commands
 .rodata.crc_ccitt_table
                0x0000000008007d8c      0x200 Core/Src/bus_comm.o
                0x0000000008007d8c                crc_ccitt_table
 .rodata.AHBPrescTable
                0x0000000008007f8c       0x10 Core/Src/system_stm32l0xx.o
                0x0000000008007f8c                AHBPrescTable
 .rodata.APBPrescTable
                0x0000000008007f9c        0x8 Core/Src/system_stm32l0xx.o
                0x0000000008007f9c                APBPrescTable
 .rodata.PLLMulTable
                0x0000000008007fa4        0x9 Core/Src/system_stm32l0xx.o
                0x0000000008007fa4                PLLMulTable
 *fill*         0x0000000008007fad        0x3 
 .rodata.UART_SetConfig
                0x0000000008007fb0       0x48 Drivers/STM32L0xx_HAL_Driver/Src/stm32l0xx_hal_uart.o
 .rodata._global_impure_ptr
                0x0000000008007ff8        0x4 c:/st/stm32cubeide_1.3.0/stm32cubeide/plugins/com.st.stm32cube.ide.mcu.externaltools.gnu-tools-for-stm32.7-2018-q2-update.win32_1.5.0.202011040924/tools/bin/../lib/gcc/arm-none-eabi/7.3.1/../../../../arm-none-eabi/lib/thumb/v6-m\libc_nano.a(lib_a-impure.o)
                0x0000000008007ff8                _global_impure_ptr
 .rodata.__sf_fake_stderr
                0x0000000008007ffc       0x20 c:/st/stm32cubeide_1.3.0/stm32cubeide/plugins/com.st.stm32cube.ide.mcu.externaltools.gnu-tools-for-stm32.7-2018-q2-update.win32_1.5.0.202011040924/tools/bin/../lib/gcc/arm-none-eabi/7.3.1/../../../../arm-none-eabi/lib/thumb/v6-m\libc_nano.a(lib_a-findfp.o)
                0x0000000008007ffc                __sf_fake_stderr
 .rodata.__sf_fake_stdin
                0x000000000800801c       0x20 c:/st/stm32cubeide_1.3.0/stm32cubeide/plugins/com.st.stm32cube.ide.mcu.externaltools.gnu-tools-for-stm32.7-2018-q2-update.win32_1.5.0.202011040924/tools/bin/../lib/gcc/arm-none-eabi/7.3.1/../../../../arm-none-eabi/lib/thumb/v6-m\libc_nano.a(lib_a-findfp.o)
                0x000000000800801c                __sf_fake_stdin
 .rodata.__sf_fake_stdout
                0x000000000800803c       0x20 c:/st/stm32cubeide_1.3.0/stm32cubeide/plugins/com.st.stm32cube.ide.mcu.externaltools.gnu-tools-for-stm32.7-2018-q2-update.win32_1.5.0.202011040924/tools/bin/../lib/gcc/arm-none-eabi/7.3.1/../../../../arm-none-eabi/lib/thumb/v6-m\libc_nano.a(lib_a-findfp.o)
                0x000000000800803c                __sf_fake_stdout
 .rodata._vfprintf_r.str1.1
                0x000000000800805c       0x11 c:/st/stm32cubeide_1.3.0/stm32cubeide/plugins/com.st.stm32cube.ide.mcu.externaltools.gnu-tools-for-stm32.7-2018-q2-update.win32_1.5.0.202011040924/tools/bin/../lib/gcc/arm-none-eabi/7.3.1/../../../../arm-none-eabi/lib/thumb/v6-m\libc_nano.a(lib_a-nano-vfprintf.o)
 .rodata._printf_i.str1.1
                0x000000000800806d       0x22 c:/st/stm32cubeide_1.3.0/stm32cubeide/plugins/com.st.stm32cube.ide.mcu.externaltools.gnu-tools-for-stm32.7-2018-q2-update.win32_1.5.0.202011040924/tools/bin/../lib/gcc/arm-none-eabi/7.3.1/../../../../arm-none-eabi/lib/thumb/v6-m\libc_nano.a(lib_a-nano-vfprintf_i.o)
                0x0000000008008090                . = ALIGN (0x4)
 *fill*         0x000000000800808f        0x1 

.ARM.extab      0x0000000008008090        0x0
                0x0000000008008090                . = ALIGN (0x4)
 *(.ARM.extab* .gnu.linkonce.armextab.*)
                0x0000000008008090                . = ALIGN (0x4)

.ARM            0x0000000008008090        0x8
                0x0000000008008090                . = ALIGN (0x4)
                0x0000000008008090                __exidx_start = .
 *(.ARM.exidx*)
 .ARM.exidx     0x0000000008008090        0x8 c:/st/stm32cubeide_1.3.0/stm32cubeide/plugins/com.st.stm32cube.ide.mcu.externaltools.gnu-tools-for-stm32.7-2018-q2-update.win32_1.5.0.202011040924/tools/bin/../lib/gcc/arm-none-eabi/7.3.1/thumb/v6-m\libgcc.a(_udivmoddi4.o)
                0x0000000008008098                __exidx_end = .
                0x0000000008008098                . = ALIGN (0x4)

.preinit_array  0x0000000008008098        0x0
                0x0000000008008098                . = ALIGN (0x4)
                0x0000000008008098                PROVIDE (__preinit_array_start = .)
 *(.preinit_array*)
                0x0000000008008098                PROVIDE (__preinit_array_end = .)
                0x0000000008008098                . = ALIGN (0x4)

.init_array     0x0000000008008098        0x4
                0x0000000008008098                . = ALIGN (0x4)
                0x0000000008008098                PROVIDE (__init_array_start = .)
 *(SORT_BY_NAME(.init_array.*))
 *(.init_array*)
 .init_array    0x0000000008008098        0x4 c:/st/stm32cubeide_1.3.0/stm32cubeide/plugins/com.st.stm32cube.ide.mcu.externaltools.gnu-tools-for-stm32.7-2018-q2-update.win32_1.5.0.202011040924/tools/bin/../lib/gcc/arm-none-eabi/7.3.1/thumb/v6-m/crtbegin.o
                0x000000000800809c                PROVIDE (__init_array_end = .)
                0x000000000800809c                . = ALIGN (0x4)

.fini_array     0x000000000800809c        0x4
                0x000000000800809c                . = ALIGN (0x4)
                [!provide]                        PROVIDE (__fini_array_start = .)
 *(SORT_BY_NAME(.fini_array.*))
 *(.fini_array*)
 .fini_array    0x000000000800809c        0x4 c:/st/stm32cubeide_1.3.0/stm32cubeide/plugins/com.st.stm32cube.ide.mcu.externaltools.gnu-tools-for-stm32.7-2018-q2-update.win32_1.5.0.202011040924/tools/bin/../lib/gcc/arm-none-eabi/7.3.1/thumb/v6-m/crtbegin.o
                [!provide]                        PROVIDE (__fini_array_end = .)
                0x00000000080080a0                . = ALIGN (0x4)

.RAMVectorTable
                0x0000000020000000      0x100
 *(.RAMVectorTable)
 .RAMVectorTable
                0x0000000020000000      0x100 Core/Src/main.o
                0x0000000020000000                VectorTable

.IAPMailbox     0x0000000020000100        0x8
 *(.IAPMailbox)
 .IAPMailbox    0x0000000020000100        0x8 Core/Src/main.o
                0x0000000020000100                iapMailbox
                0x00000000080080a0                _sidata = LOADADDR (.data)

.data           0x0000000020000108       0x74 load address 0x00000000080080a0
                0x0000000020000108                . = ALIGN (0x4)
                0x0000000020000108                _sdata = .
 *(.data)
 *(.data*)
 .data.blStay   0x0000000020000108        0x1 Core/Src/main.o
                0x0000000020000108                blStay
 *fill*         0x0000000020000109        0x3 
 .data.SystemCoreClock
                0x000000002000010c        0x4 Core/Src/system_stm32l0xx.o
                0x000000002000010c                SystemCoreClock
 .data.uwTickPrio
                0x0000000020000110        0x4 Drivers/STM32L0xx_HAL_Driver/Src/stm32l0xx_hal.o
                0x0000000020000110                uwTickPrio
 .data.uwTickFreq
                0x0000000020000114        0x1 Drivers/STM32L0xx_HAL_Driver/Src/stm32l0xx_hal.o
                0x0000000020000114                uwTickFreq
 *fill*         0x0000000020000115        0x3 
 .data._impure_ptr
                0x0000000020000118        0x4 c:/st/stm32cubeide_1.3.0/stm32cubeide/plugins/com.st.stm32cube.ide.mcu.externaltools.gnu-tools-for-stm32.7-2018-q2-update.win32_1.5.0.202011040924/tools/bin/../lib/gcc/arm-none-eabi/7.3.1/../../../../arm-none-eabi/lib/thumb/v6-m\libc_nano.a(lib_a-impure.o)
                0x0000000020000118                _impure_ptr
 .data.impure_data
                0x000000002000011c       0x60 c:/st/stm32cubeide_1.3.0/stm32cubeide/plugins/com.st.stm32cube.ide.mcu.externaltools.gnu-tools-for-stm32.7-2018-q2-update.win32_1.5.0.202011040924/tools/bin/../lib/gcc/arm-none-eabi/7.3.1/../../../../arm-none-eabi/lib/thumb/v6-m\libc_nano.a(lib_a-impure.o)
 *(.RamFunc)
 *(.RamFunc*)
                0x000000002000017c                . = ALIGN (0x4)
                0x000000002000017c                _edata = .

.igot.plt       0x000000002000017c        0x0 load address 0x0000000008008114
 .igot.plt      0x000000002000017c        0x0 c:/st/stm32cubeide_1.3.0/stm32cubeide/plugins/com.st.stm32cube.ide.mcu.externaltools.gnu-tools-for-stm32.7-2018-q2-update.win32_1.5.0.202011040924/tools/bin/../lib/gcc/arm-none-eabi/7.3.1/thumb/v6-m/crtbegin.o

.app_sha        0x0000000008008114       0x14
                0x0000000008008114                . = ALIGN (0x4)
 *(.app_sha)
 .app_sha       0x0000000008008114       0x14 Core/Src/main.o
                0x0000000008008114                appsha
                0x0000000008008128                . = ALIGN (0x4)

.rel.dyn        0x0000000008008128        0x0
 .rel.iplt      0x0000000008008128        0x0 c:/st/stm32cubeide_1.3.0/stm32cubeide/plugins/com.st.stm32cube.ide.mcu.externaltools.gnu-tools-for-stm32.7-2018-q2-update.win32_1.5.0.202011040924/tools/bin/../lib/gcc/arm-none-eabi/7.3.1/thumb/v6-m/crtbegin.o
                0x0000000008008128                . = ALIGN (0x4)

.bss            0x000000002000017c     0x136c
                0x000000002000017c                _sbss = .
                0x000000002000017c                __bss_start__ = _sbss
 *(.bss)
 .bss           0x000000002000017c       0x1c c:/st/stm32cubeide_1.3.0/stm32cubeide/plugins/com.st.stm32cube.ide.mcu.externaltools.gnu-tools-for-stm32.7-2018-q2-update.win32_1.5.0.202011040924/tools/bin/../lib/gcc/arm-none-eabi/7.3.1/thumb/v6-m/crtbegin.o
 *(.bss*)
 .bss.state     0x0000000020000198        0x4 Core/Src/aes.o
 .bss.RoundKey  0x000000002000019c       0xb0 Core/Src/aes.o
 .bss.Key       0x000000002000024c        0x4 Core/Src/aes.o
 .bss.Iv        0x0000000020000250        0x4 Core/Src/aes.o
 .bss.enterBL   0x0000000020000254        0x1 Core/Src/bus_comm.o
                0x0000000020000254                enterBL
 *fill*         0x0000000020000255        0x3 
 .bss.rcvCount  0x0000000020000258        0x4 Core/Src/bus_comm.o
                0x0000000020000258                rcvCount
 .bss.count     0x000000002000025c        0x1 Core/Src/bus_comm.o
                0x000000002000025c                count
 *fill*         0x000000002000025d        0x3 
 .bss.dbg_tx_count
                0x0000000020000260        0x4 Core/Src/debug.o
                0x0000000020000260                dbg_tx_count
 .bss.SPI_RxDMABuffer
                0x0000000020000264      0x200 Core/Src/main.o
                0x0000000020000264                SPI_RxDMABuffer
 .bss.spiRxBuffer
                0x0000000020000464      0x200 Core/Src/main.o
                0x0000000020000464                spiRxBuffer
 .bss.espMsgRcvd
                0x0000000020000664        0x1 Core/Src/main.o
                0x0000000020000664                espMsgRcvd
 *fill*         0x0000000020000665        0x3 
 .bss.gStayInBootloader
                0x0000000020000668        0x4 Core/Src/main.o
                0x0000000020000668                gStayInBootloader
 .bss.__sbrk_heap_end
                0x000000002000066c        0x4 Core/Src/sysmem.o
 .bss.__malloc_free_list
                0x0000000020000670        0x4 c:/st/stm32cubeide_1.3.0/stm32cubeide/plugins/com.st.stm32cube.ide.mcu.externaltools.gnu-tools-for-stm32.7-2018-q2-update.win32_1.5.0.202011040924/tools/bin/../lib/gcc/arm-none-eabi/7.3.1/../../../../arm-none-eabi/lib/thumb/v6-m\libc_nano.a(lib_a-nano-mallocr.o)
                0x0000000020000670                __malloc_free_list
 .bss.__malloc_sbrk_start
                0x0000000020000674        0x4 c:/st/stm32cubeide_1.3.0/stm32cubeide/plugins/com.st.stm32cube.ide.mcu.externaltools.gnu-tools-for-stm32.7-2018-q2-update.win32_1.5.0.202011040924/tools/bin/../lib/gcc/arm-none-eabi/7.3.1/../../../../arm-none-eabi/lib/thumb/v6-m\libc_nano.a(lib_a-nano-mallocr.o)
                0x0000000020000674                __malloc_sbrk_start
 *(COMMON)
 COMMON         0x0000000020000678      0xa34 Core/Src/bus_comm.o
                0x0000000020000678                flashBuffer
                0x0000000020000a88                rcvBufferBL
                0x0000000020000eac                spiTxBuffer
 COMMON         0x00000000200010ac      0x268 Core/Src/debug.o
                0x00000000200010ac                dbg_tx_dma_buffer
                0x00000000200011ac                dbg_tx_buffer
                0x00000000200012ac                __stdout
 COMMON         0x0000000020001314      0x1b4 Core/Src/main.o
                0x0000000020001314                hdma_usart1_tx
                0x000000002000135c                huart1
                0x00000000200013e0                hspi1
                0x0000000020001438                hdma_spi1_rx
                0x0000000020001480                hdma_spi1_tx
 COMMON         0x00000000200014c8        0x4 Drivers/STM32L0xx_HAL_Driver/Src/stm32l0xx_hal.o
                0x00000000200014c8                uwTick
 COMMON         0x00000000200014cc       0x18 Drivers/STM32L0xx_HAL_Driver/Src/stm32l0xx_hal_flash.o
                0x00000000200014cc                pFlash
 COMMON         0x00000000200014e4        0x4 c:/st/stm32cubeide_1.3.0/stm32cubeide/plugins/com.st.stm32cube.ide.mcu.externaltools.gnu-tools-for-stm32.7-2018-q2-update.win32_1.5.0.202011040924/tools/bin/../lib/gcc/arm-none-eabi/7.3.1/../../../../arm-none-eabi/lib/thumb/v6-m\libc_nano.a(lib_a-reent.o)
                0x00000000200014e4                errno
                0x00000000200014e8                . = ALIGN (0x4)
                0x00000000200014e8                _ebss = .
                0x00000000200014e8                __bss_end__ = _ebss

._user_heap_stack
                0x00000000200014e8      0x600
                0x00000000200014e8                . = ALIGN (0x8)
                [!provide]                        PROVIDE (end = .)
                0x00000000200014e8                PROVIDE (_end = .)
                0x00000000200016e8                . = (. + _Min_Heap_Size)
 *fill*         0x00000000200014e8      0x200 
                0x0000000020001ae8                . = (. + _Min_Stack_Size)
 *fill*         0x00000000200016e8      0x400 
                0x0000000020001ae8                . = ALIGN (0x8)

/DISCARD/
 libc.a(*)
 libm.a(*)
 libgcc.a(*)

.ARM.attributes
                0x0000000000000000       0x28
 *(.ARM.attributes)
 .ARM.attributes
                0x0000000000000000       0x1e c:/st/stm32cubeide_1.3.0/stm32cubeide/plugins/com.st.stm32cube.ide.mcu.externaltools.gnu-tools-for-stm32.7-2018-q2-update.win32_1.5.0.202011040924/tools/bin/../lib/gcc/arm-none-eabi/7.3.1/thumb/v6-m/crti.o
 .ARM.attributes
                0x000000000000001e       0x2c c:/st/stm32cubeide_1.3.0/stm32cubeide/plugins/com.st.stm32cube.ide.mcu.externaltools.gnu-tools-for-stm32.7-2018-q2-update.win32_1.5.0.202011040924/tools/bin/../lib/gcc/arm-none-eabi/7.3.1/thumb/v6-m/crtbegin.o
 .ARM.attributes
                0x000000000000004a       0x32 Core/Src/aes.o
 .ARM.attributes
                0x000000000000007c       0x32 Core/Src/aes_key.o
 .ARM.attributes
                0x00000000000000ae       0x32 Core/Src/bus_comm.o
 .ARM.attributes
                0x00000000000000e0       0x32 Core/Src/debug.o
 .ARM.attributes
                0x0000000000000112       0x32 Core/Src/flash_if.o
 .ARM.attributes
                0x0000000000000144       0x32 Core/Src/iap.o
 .ARM.attributes
                0x0000000000000176       0x32 Core/Src/main.o
 .ARM.attributes
                0x00000000000001a8       0x32 Core/Src/sha1.o
 .ARM.attributes
                0x00000000000001da       0x32 Core/Src/stm32l0xx_hal_msp.o
 .ARM.attributes
                0x000000000000020c       0x32 Core/Src/stm32l0xx_it.o
 .ARM.attributes
                0x000000000000023e       0x32 Core/Src/syscalls.o
 .ARM.attributes
                0x0000000000000270       0x32 Core/Src/sysmem.o
 .ARM.attributes
                0x00000000000002a2       0x32 Core/Src/system_stm32l0xx.o
 .ARM.attributes
                0x00000000000002d4       0x22 Core/Startup/startup_stm32l073rztx.o
 .ARM.attributes
                0x00000000000002f6       0x32 Drivers/STM32L0xx_HAL_Driver/Src/stm32l0xx_hal.o
 .ARM.attributes
                0x0000000000000328       0x32 Drivers/STM32L0xx_HAL_Driver/Src/stm32l0xx_hal_cortex.o
 .ARM.attributes
                0x000000000000035a       0x32 Drivers/STM32L0xx_HAL_Driver/Src/stm32l0xx_hal_dma.o
 .ARM.attributes
                0x000000000000038c       0x32 Drivers/STM32L0xx_HAL_Driver/Src/stm32l0xx_hal_flash.o
 .ARM.attributes
                0x00000000000003be       0x32 Drivers/STM32L0xx_HAL_Driver/Src/stm32l0xx_hal_flash_ex.o
 .ARM.attributes
                0x00000000000003f0       0x32 Drivers/STM32L0xx_HAL_Driver/Src/stm32l0xx_hal_gpio.o
 .ARM.attributes
                0x0000000000000422       0x32 Drivers/STM32L0xx_HAL_Driver/Src/stm32l0xx_hal_rcc.o
 .ARM.attributes
                0x0000000000000454       0x32 Drivers/STM32L0xx_HAL_Driver/Src/stm32l0xx_hal_rcc_ex.o
 .ARM.attributes
                0x0000000000000486       0x32 Drivers/STM32L0xx_HAL_Driver/Src/stm32l0xx_hal_spi.o
 .ARM.attributes
                0x00000000000004b8       0x32 Drivers/STM32L0xx_HAL_Driver/Src/stm32l0xx_hal_uart.o
 .ARM.attributes
                0x00000000000004ea       0x32 Drivers/STM32L0xx_HAL_Driver/Src/stm32l0xx_hal_uart_ex.o
 .ARM.attributes
                0x000000000000051c       0x2c c:/st/stm32cubeide_1.3.0/stm32cubeide/plugins/com.st.stm32cube.ide.mcu.externaltools.gnu-tools-for-stm32.7-2018-q2-update.win32_1.5.0.202011040924/tools/bin/../lib/gcc/arm-none-eabi/7.3.1/../../../../arm-none-eabi/lib/thumb/v6-m\libc_nano.a(lib_a-errno.o)
 .ARM.attributes
                0x0000000000000548       0x2c c:/st/stm32cubeide_1.3.0/stm32cubeide/plugins/com.st.stm32cube.ide.mcu.externaltools.gnu-tools-for-stm32.7-2018-q2-update.win32_1.5.0.202011040924/tools/bin/../lib/gcc/arm-none-eabi/7.3.1/../../../../arm-none-eabi/lib/thumb/v6-m\libc_nano.a(lib_a-impure.o)
 .ARM.attributes
                0x0000000000000574       0x2c c:/st/stm32cubeide_1.3.0/stm32cubeide/plugins/com.st.stm32cube.ide.mcu.externaltools.gnu-tools-for-stm32.7-2018-q2-update.win32_1.5.0.202011040924/tools/bin/../lib/gcc/arm-none-eabi/7.3.1/../../../../arm-none-eabi/lib/thumb/v6-m\libc_nano.a(lib_a-init.o)
 .ARM.attributes
                0x00000000000005a0       0x2c c:/st/stm32cubeide_1.3.0/stm32cubeide/plugins/com.st.stm32cube.ide.mcu.externaltools.gnu-tools-for-stm32.7-2018-q2-update.win32_1.5.0.202011040924/tools/bin/../lib/gcc/arm-none-eabi/7.3.1/../../../../arm-none-eabi/lib/thumb/v6-m\libc_nano.a(lib_a-memcmp.o)
 .ARM.attributes
                0x00000000000005cc       0x2c c:/st/stm32cubeide_1.3.0/stm32cubeide/plugins/com.st.stm32cube.ide.mcu.externaltools.gnu-tools-for-stm32.7-2018-q2-update.win32_1.5.0.202011040924/tools/bin/../lib/gcc/arm-none-eabi/7.3.1/../../../../arm-none-eabi/lib/thumb/v6-m\libc_nano.a(lib_a-memcpy-stub.o)
 .ARM.attributes
                0x00000000000005f8       0x2c c:/st/stm32cubeide_1.3.0/stm32cubeide/plugins/com.st.stm32cube.ide.mcu.externaltools.gnu-tools-for-stm32.7-2018-q2-update.win32_1.5.0.202011040924/tools/bin/../lib/gcc/arm-none-eabi/7.3.1/../../../../arm-none-eabi/lib/thumb/v6-m\libc_nano.a(lib_a-memset.o)
 .ARM.attributes
                0x0000000000000624       0x2c c:/st/stm32cubeide_1.3.0/stm32cubeide/plugins/com.st.stm32cube.ide.mcu.externaltools.gnu-tools-for-stm32.7-2018-q2-update.win32_1.5.0.202011040924/tools/bin/../lib/gcc/arm-none-eabi/7.3.1/../../../../arm-none-eabi/lib/thumb/v6-m\libc_nano.a(lib_a-printf.o)
 .ARM.attributes
                0x0000000000000650       0x2c c:/st/stm32cubeide_1.3.0/stm32cubeide/plugins/com.st.stm32cube.ide.mcu.externaltools.gnu-tools-for-stm32.7-2018-q2-update.win32_1.5.0.202011040924/tools/bin/../lib/gcc/arm-none-eabi/7.3.1/../../../../arm-none-eabi/lib/thumb/v6-m\libc_nano.a(lib_a-puts.o)
 .ARM.attributes
                0x000000000000067c       0x2c c:/st/stm32cubeide_1.3.0/stm32cubeide/plugins/com.st.stm32cube.ide.mcu.externaltools.gnu-tools-for-stm32.7-2018-q2-update.win32_1.5.0.202011040924/tools/bin/../lib/gcc/arm-none-eabi/7.3.1/../../../../arm-none-eabi/lib/thumb/v6-m\libc_nano.a(lib_a-wbuf.o)
 .ARM.attributes
                0x00000000000006a8       0x2c c:/st/stm32cubeide_1.3.0/stm32cubeide/plugins/com.st.stm32cube.ide.mcu.externaltools.gnu-tools-for-stm32.7-2018-q2-update.win32_1.5.0.202011040924/tools/bin/../lib/gcc/arm-none-eabi/7.3.1/../../../../arm-none-eabi/lib/thumb/v6-m\libc_nano.a(lib_a-wsetup.o)
 .ARM.attributes
                0x00000000000006d4       0x2c c:/st/stm32cubeide_1.3.0/stm32cubeide/plugins/com.st.stm32cube.ide.mcu.externaltools.gnu-tools-for-stm32.7-2018-q2-update.win32_1.5.0.202011040924/tools/bin/../lib/gcc/arm-none-eabi/7.3.1/../../../../arm-none-eabi/lib/thumb/v6-m\libc_nano.a(lib_a-fflush.o)
 .ARM.attributes
                0x0000000000000700       0x2c c:/st/stm32cubeide_1.3.0/stm32cubeide/plugins/com.st.stm32cube.ide.mcu.externaltools.gnu-tools-for-stm32.7-2018-q2-update.win32_1.5.0.202011040924/tools/bin/../lib/gcc/arm-none-eabi/7.3.1/../../../../arm-none-eabi/lib/thumb/v6-m\libc_nano.a(lib_a-findfp.o)
 .ARM.attributes
                0x000000000000072c       0x2c c:/st/stm32cubeide_1.3.0/stm32cubeide/plugins/com.st.stm32cube.ide.mcu.externaltools.gnu-tools-for-stm32.7-2018-q2-update.win32_1.5.0.202011040924/tools/bin/../lib/gcc/arm-none-eabi/7.3.1/../../../../arm-none-eabi/lib/thumb/v6-m\libc_nano.a(lib_a-fwalk.o)
 .ARM.attributes
                0x0000000000000758       0x2c c:/st/stm32cubeide_1.3.0/stm32cubeide/plugins/com.st.stm32cube.ide.mcu.externaltools.gnu-tools-for-stm32.7-2018-q2-update.win32_1.5.0.202011040924/tools/bin/../lib/gcc/arm-none-eabi/7.3.1/../../../../arm-none-eabi/lib/thumb/v6-m\libc_nano.a(lib_a-makebuf.o)
 .ARM.attributes
                0x0000000000000784       0x2c c:/st/stm32cubeide_1.3.0/stm32cubeide/plugins/com.st.stm32cube.ide.mcu.externaltools.gnu-tools-for-stm32.7-2018-q2-update.win32_1.5.0.202011040924/tools/bin/../lib/gcc/arm-none-eabi/7.3.1/../../../../arm-none-eabi/lib/thumb/v6-m\libc_nano.a(lib_a-nano-freer.o)
 .ARM.attributes
                0x00000000000007b0       0x2c c:/st/stm32cubeide_1.3.0/stm32cubeide/plugins/com.st.stm32cube.ide.mcu.externaltools.gnu-tools-for-stm32.7-2018-q2-update.win32_1.5.0.202011040924/tools/bin/../lib/gcc/arm-none-eabi/7.3.1/../../../../arm-none-eabi/lib/thumb/v6-m\libc_nano.a(lib_a-nano-mallocr.o)
 .ARM.attributes
                0x00000000000007dc       0x2c c:/st/stm32cubeide_1.3.0/stm32cubeide/plugins/com.st.stm32cube.ide.mcu.externaltools.gnu-tools-for-stm32.7-2018-q2-update.win32_1.5.0.202011040924/tools/bin/../lib/gcc/arm-none-eabi/7.3.1/../../../../arm-none-eabi/lib/thumb/v6-m\libc_nano.a(lib_a-nano-vfprintf.o)
 .ARM.attributes
                0x0000000000000808       0x2c c:/st/stm32cubeide_1.3.0/stm32cubeide/plugins/com.st.stm32cube.ide.mcu.externaltools.gnu-tools-for-stm32.7-2018-q2-update.win32_1.5.0.202011040924/tools/bin/../lib/gcc/arm-none-eabi/7.3.1/../../../../arm-none-eabi/lib/thumb/v6-m\libc_nano.a(lib_a-nano-vfprintf_i.o)
 .ARM.attributes
                0x0000000000000834       0x2c c:/st/stm32cubeide_1.3.0/stm32cubeide/plugins/com.st.stm32cube.ide.mcu.externaltools.gnu-tools-for-stm32.7-2018-q2-update.win32_1.5.0.202011040924/tools/bin/../lib/gcc/arm-none-eabi/7.3.1/../../../../arm-none-eabi/lib/thumb/v6-m\libc_nano.a(lib_a-sbrkr.o)
 .ARM.attributes
                0x0000000000000860       0x2c c:/st/stm32cubeide_1.3.0/stm32cubeide/plugins/com.st.stm32cube.ide.mcu.externaltools.gnu-tools-for-stm32.7-2018-q2-update.win32_1.5.0.202011040924/tools/bin/../lib/gcc/arm-none-eabi/7.3.1/../../../../arm-none-eabi/lib/thumb/v6-m\libc_nano.a(lib_a-stdio.o)
 .ARM.attributes
                0x000000000000088c       0x2c c:/st/stm32cubeide_1.3.0/stm32cubeide/plugins/com.st.stm32cube.ide.mcu.externaltools.gnu-tools-for-stm32.7-2018-q2-update.win32_1.5.0.202011040924/tools/bin/../lib/gcc/arm-none-eabi/7.3.1/../../../../arm-none-eabi/lib/thumb/v6-m\libc_nano.a(lib_a-writer.o)
 .ARM.attributes
                0x00000000000008b8       0x2c c:/st/stm32cubeide_1.3.0/stm32cubeide/plugins/com.st.stm32cube.ide.mcu.externaltools.gnu-tools-for-stm32.7-2018-q2-update.win32_1.5.0.202011040924/tools/bin/../lib/gcc/arm-none-eabi/7.3.1/../../../../arm-none-eabi/lib/thumb/v6-m\libc_nano.a(lib_a-closer.o)
 .ARM.attributes
                0x00000000000008e4       0x2c c:/st/stm32cubeide_1.3.0/stm32cubeide/plugins/com.st.stm32cube.ide.mcu.externaltools.gnu-tools-for-stm32.7-2018-q2-update.win32_1.5.0.202011040924/tools/bin/../lib/gcc/arm-none-eabi/7.3.1/../../../../arm-none-eabi/lib/thumb/v6-m\libc_nano.a(lib_a-fstatr.o)
 .ARM.attributes
                0x0000000000000910       0x2c c:/st/stm32cubeide_1.3.0/stm32cubeide/plugins/com.st.stm32cube.ide.mcu.externaltools.gnu-tools-for-stm32.7-2018-q2-update.win32_1.5.0.202011040924/tools/bin/../lib/gcc/arm-none-eabi/7.3.1/../../../../arm-none-eabi/lib/thumb/v6-m\libc_nano.a(lib_a-isattyr.o)
 .ARM.attributes
                0x000000000000093c       0x2c c:/st/stm32cubeide_1.3.0/stm32cubeide/plugins/com.st.stm32cube.ide.mcu.externaltools.gnu-tools-for-stm32.7-2018-q2-update.win32_1.5.0.202011040924/tools/bin/../lib/gcc/arm-none-eabi/7.3.1/../../../../arm-none-eabi/lib/thumb/v6-m\libc_nano.a(lib_a-lseekr.o)
 .ARM.attributes
                0x0000000000000968       0x2c c:/st/stm32cubeide_1.3.0/stm32cubeide/plugins/com.st.stm32cube.ide.mcu.externaltools.gnu-tools-for-stm32.7-2018-q2-update.win32_1.5.0.202011040924/tools/bin/../lib/gcc/arm-none-eabi/7.3.1/../../../../arm-none-eabi/lib/thumb/v6-m\libc_nano.a(lib_a-memchr-stub.o)
 .ARM.attributes
                0x0000000000000994       0x2c c:/st/stm32cubeide_1.3.0/stm32cubeide/plugins/com.st.stm32cube.ide.mcu.externaltools.gnu-tools-for-stm32.7-2018-q2-update.win32_1.5.0.202011040924/tools/bin/../lib/gcc/arm-none-eabi/7.3.1/../../../../arm-none-eabi/lib/thumb/v6-m\libc_nano.a(lib_a-mlock.o)
 .ARM.attributes
                0x00000000000009c0       0x2c c:/st/stm32cubeide_1.3.0/stm32cubeide/plugins/com.st.stm32cube.ide.mcu.externaltools.gnu-tools-for-stm32.7-2018-q2-update.win32_1.5.0.202011040924/tools/bin/../lib/gcc/arm-none-eabi/7.3.1/../../../../arm-none-eabi/lib/thumb/v6-m\libc_nano.a(lib_a-readr.o)
 .ARM.attributes
                0x00000000000009ec       0x2c c:/st/stm32cubeide_1.3.0/stm32cubeide/plugins/com.st.stm32cube.ide.mcu.externaltools.gnu-tools-for-stm32.7-2018-q2-update.win32_1.5.0.202011040924/tools/bin/../lib/gcc/arm-none-eabi/7.3.1/../../../../arm-none-eabi/lib/thumb/v6-m\libc_nano.a(lib_a-reent.o)
 .ARM.attributes
                0x0000000000000a18       0x1e c:/st/stm32cubeide_1.3.0/stm32cubeide/plugins/com.st.stm32cube.ide.mcu.externaltools.gnu-tools-for-stm32.7-2018-q2-update.win32_1.5.0.202011040924/tools/bin/../lib/gcc/arm-none-eabi/7.3.1/thumb/v6-m\libgcc.a(_udivsi3.o)
 .ARM.attributes
                0x0000000000000a36       0x1e c:/st/stm32cubeide_1.3.0/stm32cubeide/plugins/com.st.stm32cube.ide.mcu.externaltools.gnu-tools-for-stm32.7-2018-q2-update.win32_1.5.0.202011040924/tools/bin/../lib/gcc/arm-none-eabi/7.3.1/thumb/v6-m\libgcc.a(_dvmd_tls.o)
 .ARM.attributes
                0x0000000000000a54       0x1e c:/st/stm32cubeide_1.3.0/stm32cubeide/plugins/com.st.stm32cube.ide.mcu.externaltools.gnu-tools-for-stm32.7-2018-q2-update.win32_1.5.0.202011040924/tools/bin/../lib/gcc/arm-none-eabi/7.3.1/thumb/v6-m\libgcc.a(_aeabi_uldivmod.o)
 .ARM.attributes
                0x0000000000000a72       0x2c c:/st/stm32cubeide_1.3.0/stm32cubeide/plugins/com.st.stm32cube.ide.mcu.externaltools.gnu-tools-for-stm32.7-2018-q2-update.win32_1.5.0.202011040924/tools/bin/../lib/gcc/arm-none-eabi/7.3.1/thumb/v6-m\libgcc.a(_muldi3.o)
 .ARM.attributes
                0x0000000000000a9e       0x2c c:/st/stm32cubeide_1.3.0/stm32cubeide/plugins/com.st.stm32cube.ide.mcu.externaltools.gnu-tools-for-stm32.7-2018-q2-update.win32_1.5.0.202011040924/tools/bin/../lib/gcc/arm-none-eabi/7.3.1/thumb/v6-m\libgcc.a(_udivmoddi4.o)
 .ARM.attributes
                0x0000000000000aca       0x1e c:/st/stm32cubeide_1.3.0/stm32cubeide/plugins/com.st.stm32cube.ide.mcu.externaltools.gnu-tools-for-stm32.7-2018-q2-update.win32_1.5.0.202011040924/tools/bin/../lib/gcc/arm-none-eabi/7.3.1/thumb/v6-m\libgcc.a(_clzdi2.o)
 .ARM.attributes
                0x0000000000000ae8       0x1e c:/st/stm32cubeide_1.3.0/stm32cubeide/plugins/com.st.stm32cube.ide.mcu.externaltools.gnu-tools-for-stm32.7-2018-q2-update.win32_1.5.0.202011040924/tools/bin/../lib/gcc/arm-none-eabi/7.3.1/thumb/v6-m\libgcc.a(_clzsi2.o)
 .ARM.attributes
                0x0000000000000b06       0x1e c:/st/stm32cubeide_1.3.0/stm32cubeide/plugins/com.st.stm32cube.ide.mcu.externaltools.gnu-tools-for-stm32.7-2018-q2-update.win32_1.5.0.202011040924/tools/bin/../lib/gcc/arm-none-eabi/7.3.1/thumb/v6-m/crtn.o
OUTPUT(L0_WifiEnergyMeter_Bootloader.elf elf32-littlearm)

.debug_info     0x0000000000000000    0x16cc8
 .debug_info    0x0000000000000000      0xd7e Core/Src/aes.o
 .debug_info    0x0000000000000d7e      0xee8 Core/Src/aes_key.o
 .debug_info    0x0000000000001c66     0x1b6f Core/Src/bus_comm.o
 .debug_info    0x00000000000037d5      0xf9a Core/Src/debug.o
 .debug_info    0x000000000000476f      0x4e8 Core/Src/flash_if.o
 .debug_info    0x0000000000004c57     0x13e3 Core/Src/iap.o
 .debug_info    0x000000000000603a     0x1965 Core/Src/main.o
 .debug_info    0x000000000000799f      0xa78 Core/Src/sha1.o
 .debug_info    0x0000000000008417     0x1582 Core/Src/stm32l0xx_hal_msp.o
 .debug_info    0x0000000000009999     0x11fc Core/Src/stm32l0xx_it.o
 .debug_info    0x000000000000ab95      0xebd Core/Src/syscalls.o
 .debug_info    0x000000000000ba52      0x985 Core/Src/sysmem.o
 .debug_info    0x000000000000c3d7      0x334 Core/Src/system_stm32l0xx.o
 .debug_info    0x000000000000c70b       0x22 Core/Startup/startup_stm32l073rztx.o
 .debug_info    0x000000000000c72d      0x8bb Drivers/STM32L0xx_HAL_Driver/Src/stm32l0xx_hal.o
 .debug_info    0x000000000000cfe8      0x935 Drivers/STM32L0xx_HAL_Driver/Src/stm32l0xx_hal_cortex.o
 .debug_info    0x000000000000d91d      0x7c5 Drivers/STM32L0xx_HAL_Driver/Src/stm32l0xx_hal_dma.o
 .debug_info    0x000000000000e0e2      0x673 Drivers/STM32L0xx_HAL_Driver/Src/stm32l0xx_hal_flash.o
 .debug_info    0x000000000000e755      0xb66 Drivers/STM32L0xx_HAL_Driver/Src/stm32l0xx_hal_flash_ex.o
 .debug_info    0x000000000000f2bb      0x723 Drivers/STM32L0xx_HAL_Driver/Src/stm32l0xx_hal_gpio.o
 .debug_info    0x000000000000f9de      0x9e9 Drivers/STM32L0xx_HAL_Driver/Src/stm32l0xx_hal_rcc.o
 .debug_info    0x00000000000103c7      0x863 Drivers/STM32L0xx_HAL_Driver/Src/stm32l0xx_hal_rcc_ex.o
 .debug_info    0x0000000000010c2a     0x1631 Drivers/STM32L0xx_HAL_Driver/Src/stm32l0xx_hal_spi.o
 .debug_info    0x000000000001225b     0x3d26 Drivers/STM32L0xx_HAL_Driver/Src/stm32l0xx_hal_uart.o
 .debug_info    0x0000000000015f81      0xd47 Drivers/STM32L0xx_HAL_Driver/Src/stm32l0xx_hal_uart_ex.o

.debug_abbrev   0x0000000000000000     0x3406
 .debug_abbrev  0x0000000000000000      0x289 Core/Src/aes.o
 .debug_abbrev  0x0000000000000289      0x1b3 Core/Src/aes_key.o
 .debug_abbrev  0x000000000000043c      0x321 Core/Src/bus_comm.o
 .debug_abbrev  0x000000000000075d      0x21f Core/Src/debug.o
 .debug_abbrev  0x000000000000097c      0x16a Core/Src/flash_if.o
 .debug_abbrev  0x0000000000000ae6      0x24c Core/Src/iap.o
 .debug_abbrev  0x0000000000000d32      0x2f6 Core/Src/main.o
 .debug_abbrev  0x0000000000001028      0x1b3 Core/Src/sha1.o
 .debug_abbrev  0x00000000000011db      0x228 Core/Src/stm32l0xx_hal_msp.o
 .debug_abbrev  0x0000000000001403      0x1d6 Core/Src/stm32l0xx_it.o
 .debug_abbrev  0x00000000000015d9      0x261 Core/Src/syscalls.o
 .debug_abbrev  0x000000000000183a      0x19b Core/Src/sysmem.o
 .debug_abbrev  0x00000000000019d5      0x12b Core/Src/system_stm32l0xx.o
 .debug_abbrev  0x0000000000001b00       0x12 Core/Startup/startup_stm32l073rztx.o
 .debug_abbrev  0x0000000000001b12      0x235 Drivers/STM32L0xx_HAL_Driver/Src/stm32l0xx_hal.o
 .debug_abbrev  0x0000000000001d47      0x27c Drivers/STM32L0xx_HAL_Driver/Src/stm32l0xx_hal_cortex.o
 .debug_abbrev  0x0000000000001fc3      0x1cc Drivers/STM32L0xx_HAL_Driver/Src/stm32l0xx_hal_dma.o
 .debug_abbrev  0x000000000000218f      0x2a2 Drivers/STM32L0xx_HAL_Driver/Src/stm32l0xx_hal_flash.o
 .debug_abbrev  0x0000000000002431      0x2e4 Drivers/STM32L0xx_HAL_Driver/Src/stm32l0xx_hal_flash_ex.o
 .debug_abbrev  0x0000000000002715      0x1c0 Drivers/STM32L0xx_HAL_Driver/Src/stm32l0xx_hal_gpio.o
 .debug_abbrev  0x00000000000028d5      0x21a Drivers/STM32L0xx_HAL_Driver/Src/stm32l0xx_hal_rcc.o
 .debug_abbrev  0x0000000000002aef      0x1e1 Drivers/STM32L0xx_HAL_Driver/Src/stm32l0xx_hal_rcc_ex.o
 .debug_abbrev  0x0000000000002cd0      0x240 Drivers/STM32L0xx_HAL_Driver/Src/stm32l0xx_hal_spi.o
 .debug_abbrev  0x0000000000002f10      0x28c Drivers/STM32L0xx_HAL_Driver/Src/stm32l0xx_hal_uart.o
 .debug_abbrev  0x000000000000319c      0x26a Drivers/STM32L0xx_HAL_Driver/Src/stm32l0xx_hal_uart_ex.o

.debug_aranges  0x0000000000000000      0xe40
 .debug_aranges
                0x0000000000000000       0x98 Core/Src/aes.o
 .debug_aranges
                0x0000000000000098       0x18 Core/Src/aes_key.o
 .debug_aranges
                0x00000000000000b0       0xc8 Core/Src/bus_comm.o
 .debug_aranges
                0x0000000000000178       0x30 Core/Src/debug.o
 .debug_aranges
                0x00000000000001a8       0x40 Core/Src/flash_if.o
 .debug_aranges
                0x00000000000001e8       0x30 Core/Src/iap.o
 .debug_aranges
                0x0000000000000218       0x68 Core/Src/main.o
 .debug_aranges
                0x0000000000000280       0x38 Core/Src/sha1.o
 .debug_aranges
                0x00000000000002b8       0x40 Core/Src/stm32l0xx_hal_msp.o
 .debug_aranges
                0x00000000000002f8       0x60 Core/Src/stm32l0xx_it.o
 .debug_aranges
                0x0000000000000358       0xa8 Core/Src/syscalls.o
 .debug_aranges
                0x0000000000000400       0x20 Core/Src/sysmem.o
 .debug_aranges
                0x0000000000000420       0x28 Core/Src/system_stm32l0xx.o
 .debug_aranges
                0x0000000000000448       0x28 Core/Startup/startup_stm32l073rztx.o
 .debug_aranges
                0x0000000000000470      0x110 Drivers/STM32L0xx_HAL_Driver/Src/stm32l0xx_hal.o
 .debug_aranges
                0x0000000000000580       0xd8 Drivers/STM32L0xx_HAL_Driver/Src/stm32l0xx_hal_cortex.o
 .debug_aranges
                0x0000000000000658       0x80 Drivers/STM32L0xx_HAL_Driver/Src/stm32l0xx_hal_dma.o
 .debug_aranges
                0x00000000000006d8       0x80 Drivers/STM32L0xx_HAL_Driver/Src/stm32l0xx_hal_flash.o
 .debug_aranges
                0x0000000000000758       0xf0 Drivers/STM32L0xx_HAL_Driver/Src/stm32l0xx_hal_flash_ex.o
 .debug_aranges
                0x0000000000000848       0x58 Drivers/STM32L0xx_HAL_Driver/Src/stm32l0xx_hal_gpio.o
 .debug_aranges
                0x00000000000008a0       0x80 Drivers/STM32L0xx_HAL_Driver/Src/stm32l0xx_hal_rcc.o
 .debug_aranges
                0x0000000000000920       0xb0 Drivers/STM32L0xx_HAL_Driver/Src/stm32l0xx_hal_rcc_ex.o
 .debug_aranges
                0x00000000000009d0      0x1d0 Drivers/STM32L0xx_HAL_Driver/Src/stm32l0xx_hal_spi.o
 .debug_aranges
                0x0000000000000ba0      0x228 Drivers/STM32L0xx_HAL_Driver/Src/stm32l0xx_hal_uart.o
 .debug_aranges
                0x0000000000000dc8       0x78 Drivers/STM32L0xx_HAL_Driver/Src/stm32l0xx_hal_uart_ex.o

.debug_ranges   0x0000000000000000      0xce0
 .debug_ranges  0x0000000000000000       0x88 Core/Src/aes.o
 .debug_ranges  0x0000000000000088       0xb8 Core/Src/bus_comm.o
 .debug_ranges  0x0000000000000140       0x20 Core/Src/debug.o
 .debug_ranges  0x0000000000000160       0x30 Core/Src/flash_if.o
 .debug_ranges  0x0000000000000190       0x20 Core/Src/iap.o
 .debug_ranges  0x00000000000001b0       0x58 Core/Src/main.o
 .debug_ranges  0x0000000000000208       0x28 Core/Src/sha1.o
 .debug_ranges  0x0000000000000230       0x30 Core/Src/stm32l0xx_hal_msp.o
 .debug_ranges  0x0000000000000260       0x50 Core/Src/stm32l0xx_it.o
 .debug_ranges  0x00000000000002b0       0x98 Core/Src/syscalls.o
 .debug_ranges  0x0000000000000348       0x10 Core/Src/sysmem.o
 .debug_ranges  0x0000000000000358       0x18 Core/Src/system_stm32l0xx.o
 .debug_ranges  0x0000000000000370       0x20 Core/Startup/startup_stm32l073rztx.o
 .debug_ranges  0x0000000000000390      0x100 Drivers/STM32L0xx_HAL_Driver/Src/stm32l0xx_hal.o
 .debug_ranges  0x0000000000000490       0xc8 Drivers/STM32L0xx_HAL_Driver/Src/stm32l0xx_hal_cortex.o
 .debug_ranges  0x0000000000000558       0x70 Drivers/STM32L0xx_HAL_Driver/Src/stm32l0xx_hal_dma.o
 .debug_ranges  0x00000000000005c8       0x70 Drivers/STM32L0xx_HAL_Driver/Src/stm32l0xx_hal_flash.o
 .debug_ranges  0x0000000000000638       0xe0 Drivers/STM32L0xx_HAL_Driver/Src/stm32l0xx_hal_flash_ex.o
 .debug_ranges  0x0000000000000718       0x48 Drivers/STM32L0xx_HAL_Driver/Src/stm32l0xx_hal_gpio.o
 .debug_ranges  0x0000000000000760       0x70 Drivers/STM32L0xx_HAL_Driver/Src/stm32l0xx_hal_rcc.o
 .debug_ranges  0x00000000000007d0       0xa0 Drivers/STM32L0xx_HAL_Driver/Src/stm32l0xx_hal_rcc_ex.o
 .debug_ranges  0x0000000000000870      0x1c0 Drivers/STM32L0xx_HAL_Driver/Src/stm32l0xx_hal_spi.o
 .debug_ranges  0x0000000000000a30      0x248 Drivers/STM32L0xx_HAL_Driver/Src/stm32l0xx_hal_uart.o
 .debug_ranges  0x0000000000000c78       0x68 Drivers/STM32L0xx_HAL_Driver/Src/stm32l0xx_hal_uart_ex.o

.debug_macro    0x0000000000000000    0x18048
 .debug_macro   0x0000000000000000      0x163 Core/Src/aes.o
 .debug_macro   0x0000000000000163      0xa4e Core/Src/aes.o
 .debug_macro   0x0000000000000bb1       0x22 Core/Src/aes.o
 .debug_macro   0x0000000000000bd3       0x8e Core/Src/aes.o
 .debug_macro   0x0000000000000c61       0x51 Core/Src/aes.o
 .debug_macro   0x0000000000000cb2       0xef Core/Src/aes.o
 .debug_macro   0x0000000000000da1       0x6a Core/Src/aes.o
 .debug_macro   0x0000000000000e0b      0x1df Core/Src/aes.o
 .debug_macro   0x0000000000000fea       0x46 Core/Src/aes.o
 .debug_macro   0x0000000000001030       0x18 Core/Src/aes.o
 .debug_macro   0x0000000000001048       0x3c Core/Src/aes.o
 .debug_macro   0x0000000000001084       0x34 Core/Src/aes.o
 .debug_macro   0x00000000000010b8      0x174 Core/Src/aes.o
 .debug_macro   0x000000000000122c       0x52 Core/Src/aes.o
 .debug_macro   0x000000000000127e       0x1f Core/Src/aes.o
 .debug_macro   0x000000000000129d       0x43 Core/Src/aes.o
 .debug_macro   0x00000000000012e0       0x20 Core/Src/aes.o
 .debug_macro   0x0000000000001300      0x1a3 Core/Src/aes.o
 .debug_macro   0x00000000000014a3      0x330 Core/Src/aes.o
 .debug_macro   0x00000000000017d3       0x10 Core/Src/aes.o
 .debug_macro   0x00000000000017e3       0x35 Core/Src/aes.o
 .debug_macro   0x0000000000001818       0x20 Core/Src/aes.o
 .debug_macro   0x0000000000001838       0x16 Core/Src/aes.o
 .debug_macro   0x000000000000184e      0x3a2 Core/Src/aes_key.o
 .debug_macro   0x0000000000001bf0      0x125 Core/Src/aes_key.o
 .debug_macro   0x0000000000001d15       0x2e Core/Src/aes_key.o
 .debug_macro   0x0000000000001d43       0x28 Core/Src/aes_key.o
 .debug_macro   0x0000000000001d6b       0x1c Core/Src/aes_key.o
 .debug_macro   0x0000000000001d87       0x22 Core/Src/aes_key.o
 .debug_macro   0x0000000000001da9       0xb5 Core/Src/aes_key.o
 .debug_macro   0x0000000000001e5e      0x4da Core/Src/aes_key.o
 .debug_macro   0x0000000000002338      0x11f Core/Src/aes_key.o
 .debug_macro   0x0000000000002457     0xa44c Core/Src/aes_key.o
 .debug_macro   0x000000000000c8a3       0x66 Core/Src/aes_key.o
 .debug_macro   0x000000000000c909     0x355c Core/Src/aes_key.o
 .debug_macro   0x000000000000fe65       0x5b Core/Src/aes_key.o
 .debug_macro   0x000000000000fec0      0x8eb Core/Src/aes_key.o
 .debug_macro   0x00000000000107ab      0xbb4 Core/Src/aes_key.o
 .debug_macro   0x000000000001135f      0x197 Core/Src/aes_key.o
 .debug_macro   0x00000000000114f6      0x13f Core/Src/aes_key.o
 .debug_macro   0x0000000000011635      0x1d1 Core/Src/aes_key.o
 .debug_macro   0x0000000000011806       0x82 Core/Src/aes_key.o
 .debug_macro   0x0000000000011888      0x28e Core/Src/aes_key.o
 .debug_macro   0x0000000000011b16      0x1e9 Core/Src/aes_key.o
 .debug_macro   0x0000000000011cff      0x13e Core/Src/aes_key.o
 .debug_macro   0x0000000000011e3d      0x4b5 Core/Src/aes_key.o
 .debug_macro   0x00000000000122f2      0x22c Core/Src/aes_key.o
 .debug_macro   0x000000000001251e       0x5b Core/Src/aes_key.o
 .debug_macro   0x0000000000012579       0xa5 Core/Src/aes_key.o
 .debug_macro   0x000000000001261e      0x18d Core/Src/aes_key.o
 .debug_macro   0x00000000000127ab       0x16 Core/Src/aes_key.o
 .debug_macro   0x00000000000127c1      0x22c Core/Src/aes_key.o
 .debug_macro   0x00000000000129ed      0x5ba Core/Src/aes_key.o
 .debug_macro   0x0000000000012fa7       0x44 Core/Src/aes_key.o
 .debug_macro   0x0000000000012feb      0x1a2 Core/Src/aes_key.o
 .debug_macro   0x000000000001318d       0x16 Core/Src/aes_key.o
 .debug_macro   0x00000000000131a3      0x32a Core/Src/aes_key.o
 .debug_macro   0x00000000000134cd       0x10 Core/Src/aes_key.o
 .debug_macro   0x00000000000134dd       0x10 Core/Src/aes_key.o
 .debug_macro   0x00000000000134ed       0x1c Core/Src/aes_key.o
 .debug_macro   0x0000000000013509       0x52 Core/Src/aes_key.o